[www.thaigigabike.com/index-2.html]
[www.thaigigabike.com/index.html]
[backblue.gif]
[fade.gif]
[index.html]
[www.thaigigabike.com/webgigabike.com/tmp004_1_01.gif]
[www.thaigigabike.com/webgigabike.com/LOGO-GIGA.jpg]
[www.thaigigabike.com/webgigabike.com/sr-gb1.jpg]
[www.thaigigabike.com/webgigabike.com/honda cb750/CB750-.jpg]
[www.thaigigabike.com/webgigabike.com/Triumph/triumph100.jpg]
[www.thaigigabike.com/webgigabike.com/gigabike1.gif]
[www.thaigigabike.com/webgigabike.com/menu_01.gif]
[www.thaigigabike.com/webgigabike.com/menu_02.gif]
[www.thaigigabike.com/webgigabike.com/menu_03.gif]
[www.thaigigabike.com/webgigabike.com/menu_04.gif]
[www.thaigigabike.com/index8836.html]
[www.thaigigabike.com/SR.html]
[www.thaigigabike.com/วิธีการชำระเงิน.html]
[www.thaigigabike.com/ติดต่อเรา.html]
[www.thaigigabike.com/webgigabike.com/pn_01.gif]
[www.thaigigabike.com/webgigabike.com/pn_02.gif]
[www.thaigigabike.com/webgigabike.com/pn_03.gif]
[www.thaigigabike.com/webgigabike.com/fe_01.gif]
[www.thaigigabike.com/YAMAHA.html]
[www.thaigigabike.com/srx.html]
[www.thaigigabike.com/xs650.html]
[www.thaigigabike.com/xt500.html]
[www.thaigigabike.com/R15_XSR.html]
[www.thaigigabike.com/R3.html]
[www.thaigigabike.com/R9-R7.html]
[www.thaigigabike.com/R1_R6.html]
[www.thaigigabike.com/honda.html]
[www.thaigigabike.com/CB750k.html]
[www.thaigigabike.com/honda_GB250_400.html]
[www.thaigigabike.com/kawasaki.html]
[www.thaigigabike.com/NC35.html]
[www.thaigigabike.com/CB150r.html]
[www.thaigigabike.com/2T.html]
[www.thaigigabike.com/Monkey_msx125.html]
[www.thaigigabike.com/CBR150r_CBR250rr.html]
[www.thaigigabike.com/SR ในฝันของคุณ.html]
[www.thaigigabike.com/w650.html]
[www.thaigigabike.com/Estrella250.html]
[www.thaigigabike.com/KSR110.html]
[www.thaigigabike.com/Ninja250_300_Ninja400.html]
[www.thaigigabike.com/Ninjazx10rr.html]
[www.thaigigabike.com/วิธีดูแลรักษา SR ของคุณ.html]
[www.thaigigabike.com/Tempter400.html]
[www.thaigigabike.com/triumph_Truxton900.html]
[www.thaigigabike.com/BMW.html]
[www.thaigigabike.com/Stallions.html]
[www.thaigigabike.com/RoyalEnfield_GT500.html]
[www.thaigigabike.com/ducati_Monter795.html]
[www.thaigigabike.com/HD.html]
[www.thaigigabike.com/KTM-RC390.html]
[www.thaigigabike.com/Ohlins.html]
[www.thaigigabike.com/Sprocket_Alloys.html]
[www.thaigigabike.com/Racing.html]
[www.thaigigabike.com/contact.html]
[www.thaigigabike.com/ตัวแทนจำหน่าย.html]
[www.thaigigabike.com/Bolts-nut.html]
[www.thaigigabike.com/webgigabike.com/Nut-Sus/nut-m10.jpg]
[www.thaigigabike.com/thaigigabike.jpg]
[www.thaigigabike.com/pirelli.jpg]
[www.thaigigabike.com/logo-ohlins.jpg]
[www.thaigigabike.com/paypal logo.jpg]
[www.thaigigabike.com/Part All_clip_image004.jpg]
[www.thaigigabike.com/Part All_clip_image006.jpg]
[www.thaigigabike.com/Part All_clip_image016.jpg]
[www.thaigigabike.com/Part All_clip_image012.jpg]
[www.thaigigabike.com/Part All_clip_image020.jpg]
[www.thaigigabike.com/Part All_clip_image010.jpg]
[www.thaigigabike.com/Part All_clip_image028.jpg]
[www.thaigigabike.com/Part All_clip_image026.jpg]
[www.thaigigabike.com/Part All_clip_image018.jpg]
[www.thaigigabike.com/Part All_clip_image034.jpg]
[www.thaigigabike.com/Part All_clip_image032.jpg]
[www.thaigigabike.com/Part All_clip_image030.jpg]
[www.thaigigabike.com/Part All_clip_image038.jpg]
[www.thaigigabike.com/Part All_clip_image042.jpg]
[www.thaigigabike.com/Part All_clip_image040.jpg]
[www.thaigigabike.com/Part All_clip_image044.jpg]
[www.thaigigabike.com/Part All_clip_image046.jpg]
[www.thaigigabike.com/Part All_clip_image048.jpg]
[www.thaigigabike.com/Part All_clip_image060.jpg]
[www.thaigigabike.com/Part All_clip_image062.jpg]
[www.thaigigabike.com/Part All_clip_image064.jpg]
[www.thaigigabike.com/Part All_clip_image052.jpg]
[www.thaigigabike.com/Part All_clip_image070.jpg]
[www.thaigigabike.com/Part All_clip_image068.jpg]
[www.thaigigabike.com/Part All_clip_image066.jpg]
[www.thaigigabike.com/Part All_clip_image082.jpg]
[www.thaigigabike.com/Part All_clip_image084.jpg]
[www.thaigigabike.com/Part All_clip_image086.jpg]
[www.thaigigabike.com/Part All_clip_image088.jpg]
[www.thaigigabike.com/Part All_clip_image090.jpg]
[www.thaigigabike.com/webgigabike.com/Racing Gb/gb3.jpg]
[www.thaigigabike.com/webgigabike.com/part/oilfilter-sr-win-3.jpg]
[www.thaigigabike.com/webgigabike.com/part/Cover-Cluch-SR-4.jpg]
[www.thaigigabike.com/webgigabike.com/part/Cover-Cluch-SR-1.jpg]
[www.thaigigabike.com/webgigabike.com/part/Cluch-sr-in-t2-2.jpg]
[www.thaigigabike.com/webgigabike.com/part/Cluch-sr-in-t2-1.jpg]
[www.thaigigabike.com/webgigabike.com/part/Cluch-sr-in-3.jpg]
[www.thaigigabike.com/webgigabike.com/part/Cluch-sr-in-1.jpg]
[www.thaigigabike.com/webgigabike.com/part/cylinder-cnc-sr-1.jpg]
[www.thaigigabike.com/webgigabike.com/part/TDR-220-bk.jpg]
[www.thaigigabike.com/webgigabike.com/XSR/Pins-Color.jpg]
[www.thaigigabike.com/webgigabike.com/part/Brake-sr-310-bk-h.jpg]
[www.thaigigabike.com/webgigabike.com/R3/Spring-gb-1.jpg]
[www.thaigigabike.com/webgigabike.com/R3/Spring-gb-2.jpg]
[www.thaigigabike.com/webgigabike.com/part/yokvalsr-cnc3.jpg]
[www.thaigigabike.com/webgigabike.com/part/capcam-Hole.jpg]
[www.thaigigabike.com/webgigabike.com/part/Cover_Oil_SR-kuncha-ha1.jpg]
[www.thaigigabike.com/webgigabike.com/part/brembo-sr01-300-new.jpg]
[www.thaigigabike.com/webgigabike.com/part/P-40mm.jpg]
[www.thaigigabike.com/webgigabike.com/part/Fender-Front-sr-300-bk.jpg]
[www.thaigigabike.com/webgigabike.com/part/cover-valuCnc-new.jpg]
[www.thaigigabike.com/webgigabike.com/part/hoocharng_cnc-shot-v-bk.jpg]
[www.thaigigabike.com/webgigabike.com/Triumph/Cover-Eni-all.jpg]
[www.thaigigabike.com/webgigabike.com/Triumph/Cover-Eni-sil-r.jpg]
[www.thaigigabike.com/webgigabike.com/Triumph/Sty-tun-bl.jpg]
[www.thaigigabike.com/webgigabike.com/part/stand-2.jpg]
[www.thaigigabike.com/webgigabike.com/part/drumbrek-sr-cnc-shot.jpg]
[www.thaigigabike.com/webgigabike.com/honda cb750/nut-cb-shock1.jpg]
[www.thaigigabike.com/webgigabike.com/part/Swingamr-t4-sl-2.jpg]
[www.thaigigabike.com/webgigabike.com/part/Swingamr-t4-sl.jpg]
[www.thaigigabike.com/webgigabike.com/svingarm sr/svo2.jpg]
[www.thaigigabike.com/webgigabike.com/part/Swingamr-t3-bk.jpg]
[www.thaigigabike.com/webgigabike.com/svingarm sr/swingarmgigabike-sr11.jpg]
[www.thaigigabike.com/webgigabike.com/svingarm sr/swingarmgigabike-sr9.jpg]
[www.thaigigabike.com/index.html]
[www.thaigigabike.com/index8836-2.html]
[www.thaigigabike.com/index-2.html]
[www.thaigigabike.com/index8836.html]
[www.thaigigabike.com/SR8836.html]
[www.thaigigabike.com/webgigabike.com/sr93-06/sr400_002_1024.jpg]
[www.thaigigabike.com/webgigabike.com/part/Handlebar-Clamp-Offset-MOUNT-silver.jpg]
[www.thaigigabike.com/webgigabike.com/part/Handlebar-Clamp-Offset-MOUNT-black.jpg]
[www.thaigigabike.com/webgigabike.com/part/brembo-1978-298.jpg]
[www.thaigigabike.com/webgigabike.com/part/adapter 1978-11.5m.jpg]
[www.thaigigabike.com/webgigabike.com/part/brembo-1978-310.jpg]
[www.thaigigabike.com/webgigabike.com/part/Brake-sr-310-1978-new-gl.jpg]
[www.thaigigabike.com/webgigabike.com/part/Brake-sr-310-1978-new-bk.jpg]
[www.thaigigabike.com/webgigabike.com/part/adabter-oil-head.jpg]
[www.thaigigabike.com/webgigabike.com/part/nut-M8-titanuim.jpg]
[www.thaigigabike.com/webgigabike.com/part/nut-M8-7075.jpg]
[www.thaigigabike.com/webgigabike.com/part/Nut-Oil-1.jpg]
[www.thaigigabike.com/webgigabike.com/part/Nut-Oil-2.jpg]
[www.thaigigabike.com/webgigabike.com/part/Rear-axle-17mm-250mm-12-1.jpg]
[www.thaigigabike.com/webgigabike.com/part/Rear-axle-17mm-250mm-12.jpg]
[www.thaigigabike.com/webgigabike.com/part/Rear-axle-17mm-250mm-6-1.jpg]
[www.thaigigabike.com/webgigabike.com/part/Rear-axle-17mm-250mm-6.jpg]
[www.thaigigabike.com/webgigabike.com/part/adabter-Twin-oil-Fin.jpg]
[www.thaigigabike.com/webgigabike.com/part/oilfilter-sr-win-2.jpg]
[www.thaigigabike.com/webgigabike.com/part/Cover-Cluch-SR-si-2.jpg]
[www.thaigigabike.com/webgigabike.com/part/Cover-Cluch-SR-bk-1.jpg]
[www.thaigigabike.com/webgigabike.com/part/Cover-Cluch-SR-si-1.jpg]
[www.thaigigabike.com/webgigabike.com/part/Ring-Cover-Cluch.jpg]
[www.thaigigabike.com/webgigabike.com/part/Cover-Cluch-SR-bk-si-1.jpg]
[www.thaigigabike.com/webgigabike.com/part/cylinder-cnc-sr-4.jpg]
[www.thaigigabike.com/webgigabike.com/part/cylinder-cnc-sr-3.jpg]
[www.thaigigabike.com/webgigabike.com/part/egr-sr-cover.jpg]
[www.thaigigabike.com/webgigabike.com/part/kunsabus-adapter-sus.jpg]
[www.thaigigabike.com/webgigabike.com/part/Brake-sr-320-1978-new-gl.jpg]
[www.thaigigabike.com/webgigabike.com/part/Brake-sr-320-1978-gl.jpg]
[www.thaigigabike.com/webgigabike.com/part/Brake-sr-320-1978-bk.jpg]
[www.thaigigabike.com/webgigabike.com/part/Brake-sr-300-1978-new-hg.jpg]
[www.thaigigabike.com/webgigabike.com/part/Brake-sr-300-1978-new-bk.jpg]
[www.thaigigabike.com/webgigabike.com/part/Brake-sr-300-1978-new-gl.jpg]
[www.thaigigabike.com/webgigabike.com/part/Brake-sr-300-1978-Bk.jpg]
[www.thaigigabike.com/webgigabike.com/part/Brake-sr-300-1978-gl.jpg]
[www.thaigigabike.com/webgigabike.com/part/TDR-220-5mm-bk.jpg]
[www.thaigigabike.com/webgigabike.com/part/TDR-220-ha.jpg]
[www.thaigigabike.com/webgigabike.com/part/Brake-sr-320-10-Go.jpg]
[www.thaigigabike.com/webgigabike.com/part/Brake-sr-320-10-Bk.jpg]
[www.thaigigabike.com/webgigabike.com/part/Brake-sr-310-10-Go.jpg]
[www.thaigigabike.com/webgigabike.com/part/Brake-sr-310-10-Bk.jpg]
[www.thaigigabike.com/webgigabike.com/part/Brake-sr-300-10-Go.jpg]
[www.thaigigabike.com/webgigabike.com/part/Brake-sr-300-10-Bk.jpg]
[www.thaigigabike.com/webgigabike.com/part/Fcr-28mm.jpg]
[www.thaigigabike.com/webgigabike.com/part/TMR-40-2.jpg]
[www.thaigigabike.com/webgigabike.com/part/TMR-40-1.jpg]
[www.thaigigabike.com/webgigabike.com/part/Nut-Twin-oil.jpg]
[www.thaigigabike.com/webgigabike.com/part/brembo-01-310.jpg]
[www.thaigigabike.com/webgigabike.com/2T/Nut_brake_m10x3-long.jpg]
[www.thaigigabike.com/webgigabike.com/part/Nut-Oilcool-m14.jpg]
[www.thaigigabike.com/webgigabike.com/part/slider-st2-1.jpg]
[www.thaigigabike.com/webgigabike.com/part/Nut-Oilcool1.jpg]
[www.thaigigabike.com/webgigabike.com/part/Nut-Oilcool.jpg]
[www.thaigigabike.com/webgigabike.com/part/yokvalsr-cnc-std.jpg]
[www.thaigigabike.com/webgigabike.com/part/pangkorl-SR35-std1-sl.jpg]
[www.thaigigabike.com/webgigabike.com/part/pangkorl-SR35-std2-sl.jpg]
[www.thaigigabike.com/webgigabike.com/part/pangkorl-SR35-std2.jpg]
[www.thaigigabike.com/webgigabike.com/part/pangkorl-SR35-std1.jpg]
[www.thaigigabike.com/webgigabike.com/part/pangkorl-sr43-st1.jpg]
[www.thaigigabike.com/webgigabike.com/part/pangkorl-sr43-st2.jpg]
[www.thaigigabike.com/webgigabike.com/part/Bolt-Sus-M10x1.25-1.50.jpg]
[www.thaigigabike.com/webgigabike.com/part/adabter-Footpeg-r-si.jpg]
[www.thaigigabike.com/webgigabike.com/part/adabter-Footpeg-r-ha.jpg]
[www.thaigigabike.com/webgigabike.com/part/adabter-Footpeg-r-bk.jpg]
[www.thaigigabike.com/webgigabike.com/part/cover-sprok-cnc-2.jpg]
[www.thaigigabike.com/webgigabike.com/part/cover-sprok-cnc-1.jpg]
[www.thaigigabike.com/webgigabike.com/part/nutso-set7075.jpg]
[www.thaigigabike.com/webgigabike.com/part/nutso-7075.jpg]
[www.thaigigabike.com/webgigabike.com/part/yang-tang.jpg]
[www.thaigigabike.com/webgigabike.com/part/yang-3pong.jpg]
[www.thaigigabike.com/webgigabike.com/part/drumbrek-sr-cnc-long.jpg]
[www.thaigigabike.com/webgigabike.com/part/Brake-sr-298-gl-bk-new.jpg]
[www.thaigigabike.com/webgigabike.com/part/Brake-sr-298-bk-gl.jpg]
[www.thaigigabike.com/webgigabike.com/part/Brake-sr-298-gl-bk.jpg]
[www.thaigigabike.com/webgigabike.com/XSR/Outerbrake-gr-green.jpg]
[www.thaigigabike.com/webgigabike.com/part/capcam-Fin.jpg]
[www.thaigigabike.com/webgigabike.com/part/capcam-in.jpg]
[www.thaigigabike.com/webgigabike.com/part/capcam-show.jpg]
[www.thaigigabike.com/webgigabike.com/part/capcam-Flat.jpg]
[www.thaigigabike.com/webgigabike.com/part/Cover_Oil_SR-kuncha-bk.jpg]
[www.thaigigabike.com/webgigabike.com/part/Cover_Oil_SR-kuncha-sl.jpg]
[www.thaigigabike.com/webgigabike.com/part/Footpegs-sr-dis-sl.jpg]
[www.thaigigabike.com/webgigabike.com/part/Footpegs-sr-dis-bk.jpg]
[www.thaigigabike.com/webgigabike.com/part/Footpegs-sr-dis.jpg]
[www.thaigigabike.com/webgigabike.com/part/Footpegs-sr-ha.jpg]
[www.thaigigabike.com/webgigabike.com/part/Footpegs-sr-gl.jpg]
[www.thaigigabike.com/webgigabike.com/part/Footpegs-sr-sl.jpg]
[www.thaigigabike.com/webgigabike.com/part/Footpegs-sr-bk.jpg]
[www.thaigigabike.com/webgigabike.com/part/Footpegs-sr-2.jpg]
[www.thaigigabike.com/webgigabike.com/part/Footpegs-sr-1.jpg]
[www.thaigigabike.com/webgigabike.com/part/Brackets-miter-sil.jpg]
[www.thaigigabike.com/webgigabike.com/part/Brackets-miter-bk.jpg]
[www.thaigigabike.com/webgigabike.com/part/brembo-sr01-320-new.jpg]
[www.thaigigabike.com/webgigabike.com/part/trub-fcr-2.jpg]
[www.thaigigabike.com/webgigabike.com/part/trub-tmr-2.jpg]
[www.thaigigabike.com/webgigabike.com/part/Nut-Dis-twin.jpg]
[www.thaigigabike.com/webgigabike.com/part/nut-lor-m14x1.5.jpg]
[www.thaigigabike.com/webgigabike.com/part/Boot-seat-fi.jpg]
[www.thaigigabike.com/webgigabike.com/part/sprokket-front-sr-520.jpg]
[www.thaigigabike.com/webgigabike.com/part/sprokket-front-sr-428.jpg]
[www.thaigigabike.com/webgigabike.com/part/bootRear-sr.jpg]
[www.thaigigabike.com/webgigabike.com/part/bootFront2001-sr.jpg]
[www.thaigigabike.com/webgigabike.com/part/hoocharng_cnc-shot68si.jpg]
[www.thaigigabike.com/webgigabike.com/part/hoocharng_cnc-shot68bk.jpg]
[www.thaigigabike.com/webgigabike.com/Triumph/steyheadlight-long95si.jpg]
[www.thaigigabike.com/webgigabike.com/Triumph/steyheadlight-long95bk.jpg]
[www.thaigigabike.com/webgigabike.com/2T/Nut_Oil_No6-14_Show.jpg]
[www.thaigigabike.com/webgigabike.com/2T/Nut_Oil_No6-14.jpg]
[www.thaigigabike.com/webgigabike.com/2T/Nut_brake_m10x10_show.jpg]
[www.thaigigabike.com/webgigabike.com/2T/Nut_brake_m10x3-shot.jpg]
[www.thaigigabike.com/webgigabike.com/2T/Nut_brake_m10x10_show1.jpg]
[www.thaigigabike.com/webgigabike.com/2T/Nut_brake_m10x10.jpg]
[www.thaigigabike.com/webgigabike.com/2T/Nut_Ohlins_m14_show.jpg]
[www.thaigigabike.com/webgigabike.com/2T/Nut_Ohlins_m14.jpg]
[www.thaigigabike.com/webgigabike.com/part/adab_fender-bk.jpg]
[www.thaigigabike.com/webgigabike.com/part/adab_fender-g.jpg]
[www.thaigigabike.com/webgigabike.com/part/Cam-Fender-43mm.jpg]
[www.thaigigabike.com/webgigabike.com/part/brembo-320_43mm-L.jpg]
[www.thaigigabike.com/webgigabike.com/part/brembo-320_43mm._boot.jpg]
[www.thaigigabike.com/webgigabike.com/part/Br43.jpg]
[www.thaigigabike.com/webgigabike.com/part/brembo-320_43mm.jpg]
[www.thaigigabike.com/webgigabike.com/part/tart-sr2.jpg]
[www.thaigigabike.com/webgigabike.com/part/Nut-Dis4.jpg]
[www.thaigigabike.com/webgigabike.com/part/Nut-Dis5.jpg]
[www.thaigigabike.com/webgigabike.com/part/Nut-Dis-all.jpg]
[www.thaigigabike.com/webgigabike.com/part/hoocharng_cnc-bk-long-v.jpg]
[www.thaigigabike.com/webgigabike.com/part/hoocharng_cnc-si-long-v.jpg]
[www.thaigigabike.com/webgigabike.com/part/hoocharng_cnc-shot-v-si.jpg]
[www.thaigigabike.com/webgigabike.com/part/cover-rpm.jpg]
[www.thaigigabike.com/webgigabike.com/part/Fender-Front-sr-300-bk-hl.jpg]
[www.thaigigabike.com/webgigabike.com/Honda Gb250-400/Lock-33-mm.jpg]
[www.thaigigabike.com/webgigabike.com/part/cocer-dis01-t4.jpg]
[www.thaigigabike.com/webgigabike.com/part/brembo-tdr-210-mm.jpg]
[www.thaigigabike.com/webgigabike.com/part/brembo-220-mm.jpg]
[www.thaigigabike.com/webgigabike.com/part/sty-miter-single.jpg]
[www.thaigigabike.com/webgigabike.com/part/cocer-dis01-t3.jpg]
[www.thaigigabike.com/webgigabike.com/part/cocer-dis01-t2.jpg]
[www.thaigigabike.com/webgigabike.com/part/cocer-dis01-t1.jpg]
[www.thaigigabike.com/webgigabike.com/part/cocer-dis78-t1.jpg]
[www.thaigigabike.com/webgigabike.com/part/Header-2-fi.jpg]
[www.thaigigabike.com/webgigabike.com/part/plok-hand.jpg]
[www.thaigigabike.com/webgigabike.com/part/pangkor-sr05.jpg]
[www.thaigigabike.com/webgigabike.com/part/backlight.jpg]
[www.thaigigabike.com/webgigabike.com/part/Header-3-fi.jpg]
[www.thaigigabike.com/webgigabike.com/part/brek-ys-2001-adapter-bk-sl.jpg]
[www.thaigigabike.com/webgigabike.com/part/egr-sr.jpg]
[www.thaigigabike.com/webgigabike.com/part/stand-3.jpg]
[www.thaigigabike.com/webgigabike.com/part/stand-245mm.jpg]
[www.thaigigabike.com/webgigabike.com/part/rethenner-cnc.jpg]
[www.thaigigabike.com/webgigabike.com/part/rethenner-cnc-gl.jpg]
[www.thaigigabike.com/webgigabike.com/part/brembo-srx-xjr-d245-250.jpg]
[www.thaigigabike.com/webgigabike.com/part/hoocharng_cnc-trong.jpg]
[www.thaigigabike.com/webgigabike.com/part/cover-doomdis.jpg]
[www.thaigigabike.com/webgigabike.com/part/Rear-axle-nut.jpg]
[www.thaigigabike.com/webgigabike.com/part/nut-oil-t.jpg]
[www.thaigigabike.com/webgigabike.com/part/cover-valu-ad-Cnc-all.jpg]
[www.thaigigabike.com/webgigabike.com/part/kunsabus-lockfrem.jpg]
[www.thaigigabike.com/webgigabike.com/part/jubtor.jpg]
[www.thaigigabike.com/webgigabike.com/part/lock-kunsabus-35.jpg]
[www.thaigigabike.com/webgigabike.com/part/nutchok-rea-bl-gol.jpg]
[www.thaigigabike.com/webgigabike.com/XS650/nut-chock-1978.jpg]
[www.thaigigabike.com/webgigabike.com/part/nutchok3.jpg]
[www.thaigigabike.com/webgigabike.com/part/capoifreml01.jpg]
[www.thaigigabike.com/webgigabike.com/part/boot-fut.jpg]
[www.thaigigabike.com/webgigabike.com/part/kajubfiliay-aluminum.jpg]
[www.thaigigabike.com/webgigabike.com/part/nut-oil-adab-1.jpg]
[www.thaigigabike.com/webgigabike.com/part/1978-adapter10mm.jpg]
[www.thaigigabike.com/webgigabike.com/part/hoocharng_cnc-long.jpg]
[www.thaigigabike.com/webgigabike.com/part/hoocharng_cnc-po.jpg]
[www.thaigigabike.com/webgigabike.com/part/lokc-oil.jpg]
[www.thaigigabike.com/webgigabike.com/part/yok-val-sr-sus.jpg]
[www.thaigigabike.com/webgigabike.com/part/coper.jpg]
[www.thaigigabike.com/webgigabike.com/part/puxtau-nut.jpg]
[www.thaigigabike.com/webgigabike.com/part/nut-oil-h.jpg]
[www.thaigigabike.com/webgigabike.com/part/nut-oil-fin.jpg]
[www.thaigigabike.com/webgigabike.com/part/hand-aluminum34-35-37.jpg]
[www.thaigigabike.com/webgigabike.com/part/cortorsr-alumi.jpg]
[www.thaigigabike.com/webgigabike.com/part/adabter.jpg]
[www.thaigigabike.com/webgigabike.com/part/cocer-dis78.jpg]
[www.thaigigabike.com/webgigabike.com/part/cover-sprok-cnc.jpg]
[www.thaigigabike.com/webgigabike.com/part/lokccruengsr-cnc.jpg]
[www.thaigigabike.com/webgigabike.com/part/tookata.jpg]
[www.thaigigabike.com/webgigabike.com/part/yokval-sr.jpg]
[www.thaigigabike.com/webgigabike.com/part/slider.jpg]
[www.thaigigabike.com/webgigabike.com/part/slider-All.jpg]
[www.thaigigabike.com/webgigabike.com/part/lokcdrumbrek-sr.jpg]
[www.thaigigabike.com/webgigabike.com/part/lockchock.jpg]
[www.thaigigabike.com/webgigabike.com/part/box-tita3way.jpg]
[www.thaigigabike.com/webgigabike.com/part/box-tita2way.jpg]
[www.thaigigabike.com/webgigabike.com/part/SEELswing.jpg]
[www.thaigigabike.com/webgigabike.com/part/korleed-sr.jpg]
[www.thaigigabike.com/webgigabike.com/part/bootdrum.jpg]
[www.thaigigabike.com/webgigabike.com/part/pangkor-sr6.jpg]
[www.thaigigabike.com/webgigabike.com/part/oilfilter-pe.jpg]
[www.thaigigabike.com/webgigabike.com/part/fi3.jpg]
[www.thaigigabike.com/webgigabike.com/part/fi4.jpg]
[www.thaigigabike.com/webgigabike.com/part/Cover-En-l-1.jpg]
[www.thaigigabike.com/webgigabike.com/part/Cover-En-l-2.jpg]
[www.thaigigabike.com/webgigabike.com/part/fi5.jpg]
[www.thaigigabike.com/webgigabike.com/part/brembo2001adapter.jpg]
[www.thaigigabike.com/webgigabike.com/part/brembo-01-320-1.jpg]
[www.thaigigabike.com/webgigabike.com/part/brembo-01-298.jpg]
[www.thaigigabike.com/webgigabike.com/part/cocer-col.jpg]
[www.thaigigabike.com/webgigabike.com/part/bootdis.jpg]
[www.thaigigabike.com/webgigabike.com/part/bootdis-1978.jpg]
[www.thaigigabike.com/webgigabike.com/part/fi1.jpg]
[www.thaigigabike.com/webgigabike.com/part/brembo-1978-1.jpg]
[www.thaigigabike.com/webgigabike.com/part/brembo-1978.jpg]
[www.thaigigabike.com/webgigabike.com/part/pangkor-sr.jpg]
[www.thaigigabike.com/webgigabike.com/part/pangkorl-sr4.jpg]
[www.thaigigabike.com/webgigabike.com/part/pangkor-sr01.jpg]
[www.thaigigabike.com/webgigabike.com/part/glas.jpg]
[www.thaigigabike.com/webgigabike.com/part/seat cafe3.jpg]
[www.thaigigabike.com/webgigabike.com/part/seat cafe2.jpg]
[www.thaigigabike.com/webgigabike.com/part/seat cafe1.jpg]
[www.thaigigabike.com/webgigabike.com/part/seat12.jpg]
[www.thaigigabike.com/webgigabike.com/part/seat11.jpg]
[www.thaigigabike.com/webgigabike.com/part/seat1.jpg]
[www.thaigigabike.com/webgigabike.com/part/se4.jpg]
[www.thaigigabike.com/webgigabike.com/part/se3.jpg]
[www.thaigigabike.com/webgigabike.com/part/se2.jpg]
[www.thaigigabike.com/webgigabike.com/part/se1.jpg]
[www.thaigigabike.com/webgigabike.com/part/se.jpg]
[www.thaigigabike.com/webgigabike.com/part/yang2.jpg]
[www.thaigigabike.com/webgigabike.com/part/yang1.jpg]
[www.thaigigabike.com/webgigabike.com/hoochang sr/hoochang-p1.jpg]
[www.thaigigabike.com/webgigabike.com/part/gok.jpg]
[www.thaigigabike.com/webgigabike.com/nut/Jukchok1.jpg]
[www.thaigigabike.com/webgigabike.com/svingarm sr/svo-sr1.jpg]
[www.thaigigabike.com/webgigabike.com/fity/ft3.jpg]
[www.thaigigabike.com/webgigabike.com/part/cover-valulend.jpg]
[www.thaigigabike.com/webgigabike.com/part/capcamlend-all.jpg]
[www.thaigigabike.com/webgigabike.com/part/nutvallend7075-All.jpg]
[www.thaigigabike.com/webgigabike.com/part/nutco1978.jpg]
[www.thaigigabike.com/webgigabike.com/part/nutco2001.jpg]
[www.thaigigabike.com/webgigabike.com/part/trub-fcr-color1.jpg]
[www.thaigigabike.com/webgigabike.com/part/trub-fcr-color2.jpg]
[www.thaigigabike.com/webgigabike.com/part/trub-fcr-color.jpg]
[www.thaigigabike.com/webgigabike.com/part/trub-fcr2.jpg]
[www.thaigigabike.com/webgigabike.com/part/trub-fcr_shot.jpg]
[www.thaigigabike.com/webgigabike.com/part/trub-fcr.jpg]
[www.thaigigabike.com/webgigabike.com/part/capcam.jpg]
[www.thaigigabike.com/webgigabike.com/part/nutvalbrus.jpg]
[www.thaigigabike.com/webgigabike.com/yangpaktouy/yangg.jpg]
[www.thaigigabike.com/webgigabike.com/yangpaktouy/yangkt.jpg]
[www.thaigigabike.com/webgigabike.com/yangpaktouy/yangtang.jpg]
[www.thaigigabike.com/webgigabike.com/yangpaktouy/yanglokb.jpg]
[www.thaigigabike.com/webgigabike.com/yangpaktouy/plok.jpg]
[www.thaigigabike.com/webgigabike.com/yangpaktouy/plokreng.jpg]
[www.thaigigabike.com/webgigabike.com/yangpaktouy/yang22.jpg]
[www.thaigigabike.com/webgigabike.com/yangpaktouy/yf.jpg]
[www.thaigigabike.com/webgigabike.com/yangpaktouy/ydrum.jpg]
[www.thaigigabike.com/webgigabike.com/yanghumchok/y11.jpg]
[www.thaigigabike.com/webgigabike.com/yanghumchok/y5.jpg]
[www.thaigigabike.com/webgigabike.com/yanghumchok/y3.jpg]
[www.thaigigabike.com/webgigabike.com/part/Cover_Val.jpg]
[www.thaigigabike.com/webgigabike.com/part/Cover_Val-sr.jpg]
[www.thaigigabike.com/webgigabike.com/part/kunsabus-gl-ha.jpg]
[www.thaigigabike.com/webgigabike.com/part/kunsabus.jpg]
[www.thaigigabike.com/webgigabike.com/part/mood1.jpg]
[www.thaigigabike.com/webgigabike.com/part/cover-oiltank1-gold.jpg]
[www.thaigigabike.com/webgigabike.com/part/cover-oiltank-gold.jpg]
[www.thaigigabike.com/webgigabike.com/part/nut-eng.jpg]
[www.thaigigabike.com/webgigabike.com/honda cb750/nut-cb.jpg]
[www.thaigigabike.com/webgigabike.com/nut/nut4.jpg]
[www.thaigigabike.com/webgigabike.com/part/kunstartsr.jpg]
[www.thaigigabike.com/webgigabike.com/part/chokvv.jpg]
[www.thaigigabike.com/webgigabike.com/part/Nut-swingarm.jpg]
[www.thaigigabike.com/webgigabike.com/part/boot-swingarm.jpg]
[www.thaigigabike.com/webgigabike.com/part/yokvalsr-1.jpg]
[www.thaigigabike.com/webgigabike.com/part/tormaxafon1.jpg]
[www.thaigigabike.com/webgigabike.com/part/tor2.jpg]
[www.thaigigabike.com/webgigabike.com/part/tart-sr1.jpg]
[www.thaigigabike.com/webgigabike.com/part/tartbat-sr.jpg]
[www.thaigigabike.com/webgigabike.com/part/gunkrangsr4.jpg]
[www.thaigigabike.com/webgigabike.com/sprocket all/Arilia250-520-42T.jpg]
[www.thaigigabike.com/webgigabike.com/part/sprocket-Tdr-428.jpg]
[www.thaigigabike.com/webgigabike.com/part/sprokket-Hart-428.jpg]
[www.thaigigabike.com/webgigabike.com/part/sprokket-sr520-cut.jpg]
[www.thaigigabike.com/webgigabike.com/part/Foot_r.jpg]
[www.thaigigabike.com/webgigabike.com/part/pangmai-d.jpg]
[www.thaigigabike.com/webgigabike.com/part/pangkor-sr7.jpg]
[www.thaigigabike.com/webgigabike.com/part/pangkor-sr8.jpg]
[www.thaigigabike.com/webgigabike.com/part/pangkor-sr0.jpg]
[www.thaigigabike.com/webgigabike.com/part/oilfiltersrstar.jpg]
[www.thaigigabike.com/webgigabike.com/part/oilfiltersr-1.jpg]
[www.thaigigabike.com/webgigabike.com/part/Cover_Oil_SR.jpg]
[www.thaigigabike.com/webgigabike.com/part/nutty.jpg]
[www.thaigigabike.com/webgigabike.com/part/nutchok1.jpg]
[www.thaigigabike.com/webgigabike.com/part/nutchok2.jpg]
[www.thaigigabike.com/webgigabike.com/part/lokcdrumbrekr.jpg]
[www.thaigigabike.com/webgigabike.com/part/lokunjasr.jpg]
[www.thaigigabike.com/webgigabike.com/part/lokcdrumbrek.jpg]
[www.thaigigabike.com/webgigabike.com/part/lokccruengsr.jpg]
[www.thaigigabike.com/webgigabike.com/part/kunliay.jpg]
[www.thaigigabike.com/webgigabike.com/part/jublang3.jpg]
[www.thaigigabike.com/webgigabike.com/part/kajubfiliay1.jpg]
[www.thaigigabike.com/webgigabike.com/part/hoostingkee.jpg]
[www.thaigigabike.com/webgigabike.com/part/hoocharngsr-v.jpg]
[www.thaigigabike.com/webgigabike.com/part/hoocharngsr-d.jpg]
[www.thaigigabike.com/webgigabike.com/part/cover-chok.jpg]
[www.thaigigabike.com/webgigabike.com/part/hand.jpg]
[www.thaigigabike.com/webgigabike.com/part/gunkrangsr3.jpg]
[www.thaigigabike.com/webgigabike.com/part/gunkrangsr2.jpg]
[www.thaigigabike.com/webgigabike.com/part/cover-sprokf.jpg]
[www.thaigigabike.com/webgigabike.com/part/fii-cover.jpg]
[www.thaigigabike.com/webgigabike.com/part/cover-valu.jpg]
[www.thaigigabike.com/webgigabike.com/part/cover-oilgb.jpg]
[www.thaigigabike.com/webgigabike.com/part/cortorsr-7002.jpg]
[www.thaigigabike.com/webgigabike.com/part/cortorsr-7001.jpg]
[www.thaigigabike.com/webgigabike.com/part/cortorhub.jpg]
[www.thaigigabike.com/webgigabike.com/part/trapp-700.jpg]
[www.thaigigabike.com/webgigabike.com/part/adabter-oil.jpg]
[www.thaigigabike.com/webgigabike.com/part/capoifremlogo.jpg]
[www.thaigigabike.com/webgigabike.com/part/cap-oilfrem.jpg]
[www.thaigigabike.com/webgigabike.com/part/cap-oil-frem.jpg]
[www.thaigigabike.com/webgigabike.com/part/lokcdrum-diss-sr.jpg]
[www.thaigigabike.com/webgigabike.com/part/cover-chok1.jpg]
[www.thaigigabike.com/webgigabike.com/part/bangso-700.jpg]
[www.thaigigabike.com/webgigabike.com/part/bangsosr.jpg]
[www.thaigigabike.com/webgigabike.com/part/Oil_Lind.jpg]
[www.thaigigabike.com/webgigabike.com/part/lokcdrum.jpg]
[www.thaigigabike.com/webgigabike.com/part/nutval7075-All.jpg]
[www.thaigigabike.com/webgigabike.com/part/Swingamr-t1-tita.jpg]
[www.thaigigabike.com/webgigabike.com/bangclon sr/bangconlang.jpg]
[www.thaigigabike.com/webgigabike.com/part/Fender Front sr-450.jpg]
[www.thaigigabike.com/webgigabike.com/part/bangclonsr-3.jpg]
[www.thaigigabike.com/webgigabike.com/part/bangclonsr-custom.jpg]
[www.thaigigabike.com/webgigabike.com/bangclon sr/bangclonsr-5.jpg]
[www.thaigigabike.com/webgigabike.com/part/Hub-ma-sr.jpg]
[www.thaigigabike.com/webgigabike.com/sprocket all/Gelspeed-Hub-sr.jpg]
[www.thaigigabike.com/webgigabike.com/sprocket all/Gelspeed-520-sr.jpg]
[www.thaigigabike.com/webgigabike.com/part/Hub-Dis-gel-TDR.jpg]
[www.thaigigabike.com/SR.html]
[www.thaigigabike.com/วิธีการชำระเงิน8836.html]
[www.thaigigabike.com/webgigabike.com/bsagoldsta.jpg]
[www.thaigigabike.com/วิธีการชำระเงิน.html]
[www.thaigigabike.com/ติดต่อเรา8836.html]
[www.thaigigabike.com/msx125.html]
[www.thaigigabike.com/webgigabike.com/Racing Gb/srgiga3.jpg]
[www.thaigigabike.com/ติดต่อเรา.html]
[www.thaigigabike.com/YAMAHA8836.html]
[www.thaigigabike.com/webgigabike.com/R1/R1-2017.jpg]
[www.thaigigabike.com/webgigabike.com/R3/Spoon-m6-1.jpg]
[www.thaigigabike.com/webgigabike.com/R3/Spoon-m6-2.jpg]
[www.thaigigabike.com/webgigabike.com/R1/Boot-R1.jpg]
[www.thaigigabike.com/webgigabike.com/R1/Clipon-50-up-sl.jpg]
[www.thaigigabike.com/webgigabike.com/R1/Sprocket-r1-520-15.jpg]
[www.thaigigabike.com/webgigabike.com/R1/Sprocket-r1m-ha1.jpg]
[www.thaigigabike.com/webgigabike.com/R1/Sprocket-r1m-ha2.jpg]
[www.thaigigabike.com/webgigabike.com/R6/EGR-Cover-R6.jpg]
[www.thaigigabike.com/webgigabike.com/Ohlins/Brake-Corsa-1.jpg]
[www.thaigigabike.com/webgigabike.com/Ohlins/Brake-Corsa-2.jpg]
[www.thaigigabike.com/webgigabike.com/Ohlins/Brake-Racing-1.jpg]
[www.thaigigabike.com/webgigabike.com/Ohlins/Brake-Racing-2.jpg]
[www.thaigigabike.com/webgigabike.com/R1/Footsty-R1-2017-blk.jpg]
[www.thaigigabike.com/webgigabike.com/R1/Footsty-R1-2017-sil.jpg]
[www.thaigigabike.com/webgigabike.com/Racing/Footpegs2.jpg]
[www.thaigigabike.com/webgigabike.com/Racing/Footpegs3.jpg]
[www.thaigigabike.com/webgigabike.com/R1/Clipon-50-bk.jpg]
[www.thaigigabike.com/webgigabike.com/R1/Clipon-50-sl.jpg]
[www.thaigigabike.com/webgigabike.com/R6/lock.jpg]
[www.thaigigabike.com/webgigabike.com/R6/R6-19.jpg]
[www.thaigigabike.com/webgigabike.com/R6/R6-428-R.jpg]
[www.thaigigabike.com/webgigabike.com/R6/R6-428-F.jpg]
[www.thaigigabike.com/webgigabike.com/R6/Boot-Farts-R6.jpg]
[www.thaigigabike.com/webgigabike.com/R6/R6-520-15.jpg]
[www.thaigigabike.com/webgigabike.com/R6/R6-520-ha.jpg]
[www.thaigigabike.com/webgigabike.com/R6/Kunsabut-long.jpg]
[www.thaigigabike.com/webgigabike.com/R6/Spoon.jpg]
[www.thaigigabike.com/webgigabike.com/R6/H1-Shot.jpg]
[www.thaigigabike.com/webgigabike.com/R6/Footregs-R6.jpg]
[www.thaigigabike.com/webgigabike.com/R6/Handle-r6-bk.jpg]
[www.thaigigabike.com/webgigabike.com/R6/Handle-r6-sl.jpg]
[www.thaigigabike.com/webgigabike.com/R7/R7-60-th.jpg]
[www.thaigigabike.com/webgigabike.com/R7/Rearset-r7-r.jpg]
[www.thaigigabike.com/webgigabike.com/R7/Rearset-r7-l.jpg]
[www.thaigigabike.com/webgigabike.com/R7/Rearset-r7-sl.jpg]
[www.thaigigabike.com/webgigabike.com/R7/Handle-st.jpg]
[www.thaigigabike.com/webgigabike.com/R7/Handle-Sus.jpg]
[www.thaigigabike.com/webgigabike.com/R7/accelerator.jpg]
[www.thaigigabike.com/webgigabike.com/R7/LiftStandRear-Ri.jpg]
[www.thaigigabike.com/webgigabike.com/R7/LiftStandRear-All-l.jpg]
[www.thaigigabike.com/webgigabike.com/R7/LiftStandRear-bk.jpg]
[www.thaigigabike.com/webgigabike.com/R7/LiftStandRear-sl.jpg]
[www.thaigigabike.com/webgigabike.com/R7/Sprocket-cover-2.jpg]
[www.thaigigabike.com/webgigabike.com/R7/LowerChainGuard-all.jpg]
[www.thaigigabike.com/YAMAHA.html]
[www.thaigigabike.com/srx8836.html]
[www.thaigigabike.com/webgigabike.com/Srx/SRX600-86.jpg]
[www.thaigigabike.com/webgigabike.com/Srx/Footsty-SRX600-blk.jpg]
[www.thaigigabike.com/webgigabike.com/Srx/Footsty-SRX600-sil.jpg]
[www.thaigigabike.com/webgigabike.com/Srx/Footsty-SRX600.jpg]
[www.thaigigabike.com/webgigabike.com/Srx/Footsty-SRX6l.jpg]
[www.thaigigabike.com/webgigabike.com/Srx/sprocket-xjr.jpg]
[www.thaigigabike.com/webgigabike.com/nut/nut-voelsrx.jpg]
[www.thaigigabike.com/srx.html]
[www.thaigigabike.com/xs6508836.html]
[www.thaigigabike.com/webgigabike.com/XS650/xs650-1.jpg]
[www.thaigigabike.com/webgigabike.com/XS650/Cover-cam-2.jpg]
[www.thaigigabike.com/webgigabike.com/XS650/Cover-cam-1.jpg]
[www.thaigigabike.com/webgigabike.com/XS650/Generater-Ohc-bk.jpg]
[www.thaigigabike.com/webgigabike.com/XS650/Generater-Ohc-po.jpg]
[www.thaigigabike.com/webgigabike.com/XS650/Generater-Ohc-sl.jpg]
[www.thaigigabike.com/webgigabike.com/XS650/cover-Exhaust-valve-2.jpg]
[www.thaigigabike.com/webgigabike.com/XS650/cover-Exhaust-valve-1.jpg]
[www.thaigigabike.com/webgigabike.com/XS650/cover-Intake-valve-2.jpg]
[www.thaigigabike.com/webgigabike.com/XS650/cover-Intake-valve-id1.jpg]
[www.thaigigabike.com/webgigabike.com/part/brembo.jpg]
[www.thaigigabike.com/webgigabike.com/XS650/cover-oil-xs650.jpg]
[www.thaigigabike.com/webgigabike.com/XS650/va1-xs650.jpg]
[www.thaigigabike.com/webgigabike.com/XS650/va2-xs650.jpg]
[www.thaigigabike.com/webgigabike.com/part/kajubfiliay.jpg]
[www.thaigigabike.com/webgigabike.com/bangclon sr/bangclonsr-3.jpg]
[www.thaigigabike.com/webgigabike.com/bangclon sr/bangclonsr-custom.jpg]
[www.thaigigabike.com/webgigabike.com/XS650/torxs1.jpg]
[www.thaigigabike.com/webgigabike.com/part/1976_XT500.jpg]
[www.thaigigabike.com/webgigabike.com/part/cocer_xt1.jpg]
[www.thaigigabike.com/webgigabike.com/part/capcamlend-gold.jpg]
[www.thaigigabike.com/webgigabike.com/part/cover-valulend-gold.jpg]
[www.thaigigabike.com/webgigabike.com/part/nutvallend7075-gold.jpg]
[www.thaigigabike.com/webgigabike.com/part/nutval7075-gold.jpg]
[www.thaigigabike.com/xs650.html]
[www.thaigigabike.com/kawasaki w650.html]
[www.thaigigabike.com/xt5008836.html]
[www.thaigigabike.com/webgigabike.com/honda cb750/covercluch-cb750-180.jpg]
[www.thaigigabike.com/xt500.html]
[www.thaigigabike.com/R15_XSR8836.html]
[www.thaigigabike.com/webgigabike.com/R3/kushi.jpg]
[www.thaigigabike.com/webgigabike.com/XSR/Yamaha-YZF-R15-V3.jpg]
[www.thaigigabike.com/webgigabike.com/R15/Boot-weel-R15.jpg]
[www.thaigigabike.com/webgigabike.com/R15/Yoke-bk-std.jpg]
[www.thaigigabike.com/webgigabike.com/R15/Yoke-Set-R15-Hadd-std.jpg]
[www.thaigigabike.com/webgigabike.com/R15/Yoke-Set-R15-bk-35.jpg]
[www.thaigigabike.com/webgigabike.com/CBR600RR/Handle-cbr600-48mm-1.jpg]
[www.thaigigabike.com/webgigabike.com/CBR600RR/Handle-cbr600-48mm-2.jpg]
[www.thaigigabike.com/webgigabike.com/R3/Hand-47-1.jpg]
[www.thaigigabike.com/webgigabike.com/R3/Hand-47-3.jpg]
[www.thaigigabike.com/webgigabike.com/R3/Chock-47-11bk.jpg]
[www.thaigigabike.com/webgigabike.com/R3/Chock-47-11sl.jpg]
[www.thaigigabike.com/webgigabike.com/XSR/Rearset-YZF-R15-V3-r.jpg]
[www.thaigigabike.com/webgigabike.com/XSR/Rearset-YZF-R15-V3-l.jpg]
[www.thaigigabike.com/webgigabike.com/XSR/Rearset-YZF-R15-V3.jpg]
[www.thaigigabike.com/webgigabike.com/XSR/Adapter-Silencer.jpg]
[www.thaigigabike.com/webgigabike.com/NinjaZX10R/Gear-zx-New.jpg]
[www.thaigigabike.com/webgigabike.com/R3/Link-Gear.jpg]
[www.thaigigabike.com/webgigabike.com/CBR250/Breck-cbr25.jpg]
[www.thaigigabike.com/webgigabike.com/R3/Parts-1.jpg]
[www.thaigigabike.com/webgigabike.com/R3/Leverage-gears.jpg]
[www.thaigigabike.com/webgigabike.com/Racing/Footpeg-rc-rd.jpg]
[www.thaigigabike.com/webgigabike.com/Racing/Footpeg-rc.jpg]
[www.thaigigabike.com/webgigabike.com/Racing/Footpegs5.jpg]
[www.thaigigabike.com/webgigabike.com/R3/Sprocket-Rear-r3.jpg]
[www.thaigigabike.com/webgigabike.com/XSR/R15Racing-2.jpg]
[www.thaigigabike.com/webgigabike.com/XSR/R15Racing-1.jpg]
[www.thaigigabike.com/webgigabike.com/sprocket all/R15-2018.jpg]
[www.thaigigabike.com/webgigabike.com/sprocket all/R15-2017.jpg]
[www.thaigigabike.com/webgigabike.com/sprocket all/R15-2017-415-50t-ha.jpg]
[www.thaigigabike.com/webgigabike.com/XSR/Yamaha-XSR155.jpg]
[www.thaigigabike.com/webgigabike.com/XSR/Caliper-298.jpg]
[www.thaigigabike.com/webgigabike.com/XSR/brake-xsr-gl-bk.jpg]
[www.thaigigabike.com/webgigabike.com/XSR/brake-xsr-gl-gr.jpg]
[www.thaigigabike.com/webgigabike.com/XSR/brake-xsr-gr-bk.jpg]
[www.thaigigabike.com/webgigabike.com/XSR/brake-xsr-gr-gl.jpg]
[www.thaigigabike.com/webgigabike.com/XSR/brake-xsr-gr-green.jpg]
[www.thaigigabike.com/webgigabike.com/XSR/Outerbrake-gr-bk.jpg]
[www.thaigigabike.com/webgigabike.com/XSR/Outerbrake-gl-gr.jpg]
[www.thaigigabike.com/webgigabike.com/XSR/Innerbrake-gl-bk.jpg]
[www.thaigigabike.com/R15_XSR.html]
[www.thaigigabike.com/R38836.html]
[www.thaigigabike.com/webgigabike.com/R3/real.jpg]
[www.thaigigabike.com/webgigabike.com/R3/gbracing-vor.jpg]
[www.thaigigabike.com/webgigabike.com/R3/Yamaha-R3-19.jpg]
[www.thaigigabike.com/webgigabike.com/R3/Footpet-r3-T2-sl2.jpg]
[www.thaigigabike.com/webgigabike.com/R3/Footpet-r3-T2-sl1.jpg]
[www.thaigigabike.com/webgigabike.com/R3/Footpet-r3-T2-sl.jpg]
[www.thaigigabike.com/webgigabike.com/R3/GB-asia.jpg]
[www.thaigigabike.com/webgigabike.com/R3/Footpet-r3-sl-rc.jpg]
[www.thaigigabike.com/webgigabike.com/R3/YokeSet-R3-2020-1.jpg]
[www.thaigigabike.com/webgigabike.com/R3/YokeSet-R3-2020.jpg]
[www.thaigigabike.com/webgigabike.com/R3/caliper-brembo-r3-new.jpg]
[www.thaigigabike.com/webgigabike.com/R3/caliper-brembo-r3-R.jpg]
[www.thaigigabike.com/webgigabike.com/R3/Sprocket-Front-r3.jpg]
[www.thaigigabike.com/webgigabike.com/R3/Sprocket-Front-r3-520-14t.jpg]
[www.thaigigabike.com/webgigabike.com/sprocket all/Gelspeed-520-hard-O.jpg]
[www.thaigigabike.com/webgigabike.com/sprocket all/Gelspeed-415-ha.jpg]
[www.thaigigabike.com/webgigabike.com/sprocket all/marchesini-520-43-h1.jpg]
[www.thaigigabike.com/webgigabike.com/sprocket all/marchesini-RCB-415.jpg]
[www.thaigigabike.com/webgigabike.com/R3/Breck-300-bk.jpg]
[www.thaigigabike.com/webgigabike.com/R3/Breck-R-220-bk.jpg]
[www.thaigigabike.com/webgigabike.com/R3/Breck-R-220-ha.jpg]
[www.thaigigabike.com/webgigabike.com/Ohlins/Adapter-Cencer.jpg]
[www.thaigigabike.com/webgigabike.com/R3/Slow-r3-new-bk.jpg]
[www.thaigigabike.com/webgigabike.com/R3/Yamaha-R3.jpg]
[www.thaigigabike.com/webgigabike.com/R3/Hand-41-4.jpg]
[www.thaigigabike.com/webgigabike.com/R3/Hand-41-2.jpg]
[www.thaigigabike.com/webgigabike.com/R3/Hand41-9degree.jpg]
[www.thaigigabike.com/webgigabike.com/R3/Hand41-9degree-bk.jpg]
[www.thaigigabike.com/webgigabike.com/R3/Breck-310.jpg]
[www.thaigigabike.com/webgigabike.com/R3/caliper-brembo-r3-310.jpg]
[www.thaigigabike.com/webgigabike.com/R3/caliper-brembo-r3.jpg]
[www.thaigigabike.com/webgigabike.com/R3/Engine-mount-r3.jpg]
[www.thaigigabike.com/webgigabike.com/R3/Trum2.jpg]
[www.thaigigabike.com/webgigabike.com/R3/egr-r3n.jpg]
[www.thaigigabike.com/webgigabike.com/R3/Cover_Egr_r3.jpg]
[www.thaigigabike.com/webgigabike.com/R3/Slow-r3.jpg]
[www.thaigigabike.com/webgigabike.com/R3/cor-sl.jpg]
[www.thaigigabike.com/webgigabike.com/R3/cor-bk.jpg]
[www.thaigigabike.com/webgigabike.com/R3/Top-cor-Step-bk.jpg]
[www.thaigigabike.com/webgigabike.com/R3/Top-cor-Step-si.jpg]
[www.thaigigabike.com/webgigabike.com/R3/Top-cor-sl1.jpg]
[www.thaigigabike.com/webgigabike.com/R3/Top-cor-bk1.jpg]
[www.thaigigabike.com/webgigabike.com/R3/Top-cor-sl.jpg]
[www.thaigigabike.com/webgigabike.com/R3/Top-cor-bk.jpg]
[www.thaigigabike.com/webgigabike.com/part/nut-lor.jpg]
[www.thaigigabike.com/webgigabike.com/R3/Speocket-520-r3.jpg]
[www.thaigigabike.com/webgigabike.com/Racing/r2m-1.jpg]
[www.thaigigabike.com/webgigabike.com/Racing/r2m-2.jpg]
[www.thaigigabike.com/webgigabike.com/Racing/r2m-4.jpg]
[www.thaigigabike.com/webgigabike.com/Racing/r2m-3.jpg]
[www.thaigigabike.com/webgigabike.com/R3/gb3.jpg]
[www.thaigigabike.com/webgigabike.com/R3/gb2.jpg]
[www.thaigigabike.com/webgigabike.com/R3/gb5.jpg]
[www.thaigigabike.com/webgigabike.com/R3/gb4.jpg]
[www.thaigigabike.com/webgigabike.com/R3/gb-racing-3.jpg]
[www.thaigigabike.com/webgigabike.com/R3/gb-racing-5.jpg]
[www.thaigigabike.com/webgigabike.com/R3/gb-racing-7.jpg]
[www.thaigigabike.com/webgigabike.com/R3/gb-racing-6.jpg]
[www.thaigigabike.com/webgigabike.com/R3/gb-racing-4.jpg]
[www.thaigigabike.com/webgigabike.com/R3/gb-racing-15.jpg]
[www.thaigigabike.com/webgigabike.com/R3/gb-racing-8.jpg]
[www.thaigigabike.com/webgigabike.com/R3/gb-racing-10.jpg]
[www.thaigigabike.com/webgigabike.com/R3/gb-racing-11.jpg]
[www.thaigigabike.com/webgigabike.com/R3/gb-racing-13.jpg]
[www.thaigigabike.com/webgigabike.com/R3/gb-racing-12.jpg]
[www.thaigigabike.com/webgigabike.com/R3/gb-racing-14.jpg]
[www.thaigigabike.com/webgigabike.com/R3/gb-racing-9.jpg]
[www.thaigigabike.com/R3.html]
[www.thaigigabike.com/R9-R78836.html]
[www.thaigigabike.com/webgigabike.com/R9/R9-2025.jpg]
[www.thaigigabike.com/webgigabike.com/R9/Rearset-R9-silver-2.jpg]
[www.thaigigabike.com/webgigabike.com/R9/Rearset-R9-silver-1.jpg]
[www.thaigigabike.com/webgigabike.com/R9/Rearset-R9-silver.jpg]
[www.thaigigabike.com/webgigabike.com/R9/Cover-gard.jpg]
[www.thaigigabike.com/webgigabike.com/R6/Handle-r6-sil-t2-1.jpg]
[www.thaigigabike.com/webgigabike.com/R6/Handle-r6-bk-t2-1.jpg]
[www.thaigigabike.com/webgigabike.com/R7/velocity-stacks-R7-Alloy.jpg]
[www.thaigigabike.com/webgigabike.com/R7/velocity-stacks-R7-pom.jpg]
[www.thaigigabike.com/webgigabike.com/R7/velocity-stacks-R7.jpg]
[www.thaigigabike.com/webgigabike.com/CBR600RR/Rod-80.jpg]
[www.thaigigabike.com/R9-R7.html]
[www.thaigigabike.com/R1_R68836.html]
[www.thaigigabike.com/webgigabike.com/R1/Adapter-Chok-52mm.jpg]
[www.thaigigabike.com/webgigabike.com/R1/Adapter-Chok.jpg]
[www.thaigigabike.com/webgigabike.com/R1/Adapter-Gear.jpg]
[www.thaigigabike.com/webgigabike.com/Ohlins/Brake-Racing-12.jpg]
[www.thaigigabike.com/webgigabike.com/Ohlins/Brake-Racing-13.jpg]
[www.thaigigabike.com/webgigabike.com/R1/Footsty-R1-Up15mm.jpg]
[www.thaigigabike.com/webgigabike.com/CBR600RR/Rod-95.jpg]
[www.thaigigabike.com/webgigabike.com/R1/Chain-hanger.jpg]
[www.thaigigabike.com/webgigabike.com/R6/Footregs-R6-T3.jpg]
[www.thaigigabike.com/R1_R6.html]
[www.thaigigabike.com/honda8836.html]
[www.thaigigabike.com/webgigabike.com/cbr1000rrr/cbr10-rrr-1.jpg]
[www.thaigigabike.com/webgigabike.com/cbr1000rrr/Rearsets-cbr10-RR-R-1.jpg]
[www.thaigigabike.com/webgigabike.com/cbr1000rrr/Rearsets-cbr10-RR-R-2.jpg]
[www.thaigigabike.com/webgigabike.com/cbr1000rrr/Adapter-Stand-Alone.jpg]
[www.thaigigabike.com/webgigabike.com/CBR600RR/Sprocket-cbr600.jpg]
[www.thaigigabike.com/webgigabike.com/CBR600RR/CBR600rr.jpg]
[www.thaigigabike.com/webgigabike.com/CBR600RR/Rearsets-CBR600.jpg]
[www.thaigigabike.com/webgigabike.com/CBR600RR/Cap-EGR-cbr6.jpg]
[www.thaigigabike.com/webgigabike.com/sprocket all/CBR650r.jpg]
[www.thaigigabike.com/webgigabike.com/CBR600RR/Rearsets-CBR650r.jpg]
[www.thaigigabike.com/webgigabike.com/sprocket all/CB650F-525-44t.jpg]
[www.thaigigabike.com/honda.html]
[www.thaigigabike.com/CB750k8836.html]
[www.thaigigabike.com/Part All_clip_image036.jpg]
[www.thaigigabike.com/webgigabike.com/honda cb750/CB750_69.jpg]
[www.thaigigabike.com/webgigabike.com/honda cb750/coverr-cb750-t2.jpg]
[www.thaigigabike.com/webgigabike.com/honda cb750/cover-FR-cb750-3.jpg]
[www.thaigigabike.com/webgigabike.com/honda cb750/cover-FR-cb750-2.jpg]
[www.thaigigabike.com/webgigabike.com/honda cb750/cover-FR-cb750-1.jpg]
[www.thaigigabike.com/webgigabike.com/honda cb750/covervale-cb750-1.jpg]
[www.thaigigabike.com/webgigabike.com/honda cb750/front-fender-cb750-tracker.jpg]
[www.thaigigabike.com/webgigabike.com/honda cb750/front-fender-cb750-cafe.jpg]
[www.thaigigabike.com/webgigabike.com/honda cb750/lock-disc.jpg]
[www.thaigigabike.com/webgigabike.com/honda cb750/lock-drum.jpg]
[www.thaigigabike.com/webgigabike.com/honda cb750/nut-cb-cnc.jpg]
[www.thaigigabike.com/webgigabike.com/honda cb750/nutvale.jpg]
[www.thaigigabike.com/webgigabike.com/honda cb750/covervale1.jpg]
[www.thaigigabike.com/webgigabike.com/honda cb750/coverdi-cb750.jpg]
[www.thaigigabike.com/webgigabike.com/honda cb750/covercluch-cb750.jpg]
[www.thaigigabike.com/webgigabike.com/honda cb750/coverl-cb750.jpg]
[www.thaigigabike.com/webgigabike.com/honda cb750/coverr-cb750.jpg]
[www.thaigigabike.com/webgigabike.com/honda cb750/covervale-cb750.jpg]
[www.thaigigabike.com/webgigabike.com/honda cb750/nutvale-cb750.jpg]
[www.thaigigabike.com/webgigabike.com/honda cb750/front-fender-cb750-1.jpg]
[www.thaigigabike.com/CB750k.html]
[www.thaigigabike.com/honda_GB250_4008836.html]
[www.thaigigabike.com/webgigabike.com/Honda Gb250-400/gb400tt1985.jpg]
[www.thaigigabike.com/webgigabike.com/Honda Gb250-400/Cover-Dis-HRC-cm-gb.jpg]
[www.thaigigabike.com/webgigabike.com/Honda Gb250-400/Cover-Dis-Clubman gb.jpg]
[www.thaigigabike.com/webgigabike.com/Honda Gb250-400/Cover-Dis-HRC-gb.jpg]
[www.thaigigabike.com/webgigabike.com/Honda Gb250-400/nut-chock.jpg]
[www.thaigigabike.com/webgigabike.com/part/hand1.jpg]
[www.thaigigabike.com/webgigabike.com/Honda Gb250-400/fenderclubman-cafe.jpg]
[www.thaigigabike.com/webgigabike.com/Honda Gb250-400/fenderclubman-trakter.jpg]
[www.thaigigabike.com/webgigabike.com/Honda Gb250-400/gb250.jpg]
[www.thaigigabike.com/webgigabike.com/Triumph/steyheadlight-long.jpg]
[www.thaigigabike.com/honda_GB250_400.html]
[www.thaigigabike.com/kawasaki8836.html]
[www.thaigigabike.com/webgigabike.com/part/hand-aluminum51.jpg]
[www.thaigigabike.com/webgigabike.com/kawa 250tr/cover-tr.jpg]
[www.thaigigabike.com/webgigabike.com/kawa 250tr/6ff6b48.jpg]
[www.thaigigabike.com/webgigabike.com/kawa 250tr/tr3002.jpg]
[www.thaigigabike.com/webgigabike.com/kawa 250tr/tr3003.jpg]
[www.thaigigabike.com/webgigabike.com/kawa 250tr/tr3001.jpg]
[www.thaigigabike.com/webgigabike.com/kawa 250tr/tr3005.jpg]
[www.thaigigabike.com/webgigabike.com/kawa 250tr/tr3006.jpg]
[www.thaigigabike.com/webgigabike.com/kawa 250tr/tr3004.jpg]
[www.thaigigabike.com/kawasaki.html]
[www.thaigigabike.com/NC358836.html]
[www.thaigigabike.com/Ninja300.html]
[www.thaigigabike.com/Racing Tame.html]
[www.thaigigabike.com/webgigabike.com/Honda NC35/nc35.jpg]
[www.thaigigabike.com/webgigabike.com/CB1300/CB1300.jpg]
[www.thaigigabike.com/webgigabike.com/Ohlins/Adapter-Fender-SF.jpg]
[www.thaigigabike.com/webgigabike.com/CB1300/CB1300-2.jpg]
[www.thaigigabike.com/webgigabike.com/CB1300/CB1300-1.jpg]
[www.thaigigabike.com/NC35.html]
[www.thaigigabike.com/CB150r8836.html]
[www.thaigigabike.com/webgigabike.com/CBR250/Honda-CBR250RR.jpg]
[www.thaigigabike.com/webgigabike.com/CBR250/Handle-45mm.jpg]
[www.thaigigabike.com/webgigabike.com/CBR250/Pair-250rr.jpg]
[www.thaigigabike.com/webgigabike.com/CBR250/Nut-top.jpg]
[www.thaigigabike.com/webgigabike.com/CBR250/Yoke-set-cbr250rr-bk-32.jpg]
[www.thaigigabike.com/webgigabike.com/CBR250/Yoke-set-cbr250rr-Hard-32.jpg]
[www.thaigigabike.com/webgigabike.com/CBR250/Raersets-cbr250-sl.jpg]
[www.thaigigabike.com/webgigabike.com/CBR250/R-cbr250RR-415.jpg]
[www.thaigigabike.com/webgigabike.com/CBR250/F-cbr250RR-415.jpg]
[www.thaigigabike.com/webgigabike.com/CBR250/Honda-CBR250.jpg]
[www.thaigigabike.com/webgigabike.com/CBR250/Raersets-cbr250-l.jpg]
[www.thaigigabike.com/webgigabike.com/CBR250/Raersets-cbr250-r.jpg]
[www.thaigigabike.com/webgigabike.com/CBR250/Sprock-cbr250-415.jpg]
[www.thaigigabike.com/webgigabike.com/CBR150/cbr150-2024.jpg]
[www.thaigigabike.com/webgigabike.com/CBR150/Yoke-Set-cbr150-bk-35.jpg]
[www.thaigigabike.com/webgigabike.com/CBR150/Yoke-Set-cbr150-Hard-35.jpg]
[www.thaigigabike.com/webgigabike.com/CBR150/Srocket-cbr150r-ha.jpg]
[www.thaigigabike.com/webgigabike.com/CBR150/cbr150-2020.jpg]
[www.thaigigabike.com/webgigabike.com/R3/Gear-L.jpg]
[www.thaigigabike.com/webgigabike.com/CBR150/Footracing-1.jpg]
[www.thaigigabike.com/webgigabike.com/CBR150/Footracing-4.jpg]
[www.thaigigabike.com/webgigabike.com/CB150r/cb150r.jpg]
[www.thaigigabike.com/webgigabike.com/CB150r/Footsty-cb150r-l.jpg]
[www.thaigigabike.com/webgigabike.com/CB150r/Footsty-cb150r-r.jpg]
[www.thaigigabike.com/CB150r.html]
[www.thaigigabike.com/2T8836.html]
[www.thaigigabike.com/webgigabike.com/2T/Rs125.jpg]
[www.thaigigabike.com/webgigabike.com/2T/NSR150sp-1.jpg]
[www.thaigigabike.com/webgigabike.com/2T/Handel-nsr-31m-2.jpg]
[www.thaigigabike.com/webgigabike.com/2T/Handel-nsr-31m-1.jpg]
[www.thaigigabike.com/webgigabike.com/2T/Handel-nsr-35m-3.jpg]
[www.thaigigabike.com/webgigabike.com/2T/Handel-nsr-35m-1.jpg]
[www.thaigigabike.com/webgigabike.com/2T/Handel-nsr-35m-2.jpg]
[www.thaigigabike.com/webgigabike.com/2T/Handel-nsr-35m-4.jpg]
[www.thaigigabike.com/webgigabike.com/2T/Rearsets-NSR150-Long.jpg]
[www.thaigigabike.com/webgigabike.com/2T/nut-lock-bearing-nsr-2.jpg]
[www.thaigigabike.com/webgigabike.com/2T/nut-lock-bearing-nsr-1.jpg]
[www.thaigigabike.com/webgigabike.com/sprocket all/dash125.jpg]
[www.thaigigabike.com/webgigabike.com/sprocket all/Nova-Dash.jpg]
[www.thaigigabike.com/webgigabike.com/2T/Sprocket-dash-wave100-415.jpg]
[www.thaigigabike.com/webgigabike.com/KR150/rs125r.jpg]
[www.thaigigabike.com/webgigabike.com/2T/Sprocket-RS125-415.jpg]
[www.thaigigabike.com/webgigabike.com/2T/Hub-RS-1.jpg]
[www.thaigigabike.com/webgigabike.com/2T/Sprocket-RS125-NS1-415-50mm.jpg]
[www.thaigigabike.com/webgigabike.com/sprocket all/sprocket-rs-415-no.jpg]
[www.thaigigabike.com/webgigabike.com/sprocket all/sprocket-rs-415.jpg]
[www.thaigigabike.com/webgigabike.com/sprocket all/SPR-RS125-G.jpg]
[www.thaigigabike.com/webgigabike.com/part/brembo-rs125-196-mm.jpg]
[www.thaigigabike.com/webgigabike.com/MSX/Nsr50.jpg]
[www.thaigigabike.com/webgigabike.com/MSX/sprocket-nsr50-420-29.jpg]
[www.thaigigabike.com/webgigabike.com/2T/RS125-300-bk.jpg]
[www.thaigigabike.com/webgigabike.com/2T/RS125-300-gl.jpg]
[www.thaigigabike.com/2T.html]
[www.thaigigabike.com/Monkey_msx1258836.html]
[www.thaigigabike.com/webgigabike.com/DAX125/Dax125.jpg]
[www.thaigigabike.com/webgigabike.com/MSX/sprocket-Front-msx-415.jpg]
[www.thaigigabike.com/webgigabike.com/MSX/Honda-Monkey-125.jpg]
[www.thaigigabike.com/webgigabike.com/MSX/Top-set-mk125-si.jpg]
[www.thaigigabike.com/webgigabike.com/MSX/Top-set-mk125-bk.jpg]
[www.thaigigabike.com/webgigabike.com/MSX/Top-set-mk125-si-re.jpg]
[www.thaigigabike.com/webgigabike.com/MSX/Raerset-monkey125-silver.jpg]
[www.thaigigabike.com/webgigabike.com/MSX/Raerset-monkey125-bk.jpg]
[www.thaigigabike.com/webgigabike.com/MSX/Caliper-Rear-Mokey-Dow.jpg]
[www.thaigigabike.com/webgigabike.com/MSX/Caliper-Rear-Mokey-top.jpg]
[www.thaigigabike.com/webgigabike.com/MSX/Caliper-Front-Mokey-2pot.jpg]
[www.thaigigabike.com/webgigabike.com/MSX/Boot-weel-monkey125.jpg]
[www.thaigigabike.com/webgigabike.com/MSX/Foot-msx-t2-sl.jpg]
[www.thaigigabike.com/webgigabike.com/MSX/Hub-sprocket-1.jpg]
[www.thaigigabike.com/webgigabike.com/MSX/Hub-sprocket-2.jpg]
[www.thaigigabike.com/webgigabike.com/MSX/Hub-sprocket-h-1.jpg]
[www.thaigigabike.com/webgigabike.com/MSX/Hub-sprocket-h-2.jpg]
[www.thaigigabike.com/webgigabike.com/MSX/Hub-sprocket-3.jpg]
[www.thaigigabike.com/webgigabike.com/MSX/Foot-msx-bk.jpg]
[www.thaigigabike.com/webgigabike.com/MSX/Foot-msx.jpg]
[www.thaigigabike.com/webgigabike.com/MSX/Nut-Monkey-m12x125.jpg]
[www.thaigigabike.com/webgigabike.com/Ducati/Nut-m10-Pit-1.25.jpg]
[www.thaigigabike.com/webgigabike.com/MSX/sprocket-msx-415-ti.jpg]
[www.thaigigabike.com/webgigabike.com/DAX125/Rear-Sprocket-Monkey-4G-420.jpg]
[www.thaigigabike.com/webgigabike.com/DAX125/Rear-Sprocket-Monkey-5G-415.jpg]
[www.thaigigabike.com/webgigabike.com/DAX125/Rear-Sprocket-Monkey-5G-420.jpg]
[www.thaigigabike.com/webgigabike.com/MSX/msx125.jpg]
[www.thaigigabike.com/webgigabike.com/MSX/Boot-weel-msx.jpg]
[www.thaigigabike.com/webgigabike.com/MSX/100_2605.jpg]
[www.thaigigabike.com/webgigabike.com/MSX/Honda-Monkey.jpg]
[www.thaigigabike.com/webgigabike.com/MSX/sprocket-monkey-ti.jpg]
[www.thaigigabike.com/webgigabike.com/MSX/sprocket-monkey-go.jpg]
[www.thaigigabike.com/webgigabike.com/MSX/sprocket-monkey-bk.jpg]
[www.thaigigabike.com/Monkey_msx125.html]
[www.thaigigabike.com/CBR150r_CBR250rr8836.html]
[www.thaigigabike.com/webgigabike.com/CBR250/Diss-250rr-310-5.0-Gold.jpg]
[www.thaigigabike.com/webgigabike.com/CBR250/Diss-250rr-310-5.0.jpg]
[www.thaigigabike.com/webgigabike.com/CBR250/Boot-Weel.jpg]
[www.thaigigabike.com/webgigabike.com/CBR250/Sprocket-cbr250rr-520.jpg]
[www.thaigigabike.com/webgigabike.com/sprocket all/Gelspeed415-hard.jpg]
[www.thaigigabike.com/CBR150r_CBR250rr.html]
[www.thaigigabike.com/SR ในฝันของคุณ8836.html]
[www.thaigigabike.com/webgigabike.com/sr93-06/2012-1.jpg]
[www.thaigigabike.com/webgigabike.com/sr93-06/2012-2.jpg]
[www.thaigigabike.com/webgigabike.com/sr93-06/pic_001zoom.jpg]
[www.thaigigabike.com/webgigabike.com/sr93-06/2008-1.jpg]
[www.thaigigabike.com/webgigabike.com/official/of10.jpg]
[www.thaigigabike.com/webgigabike.com/2005-drmd-02-640.jpg]
[www.thaigigabike.com/webgigabike.com/sr93-06/2004-bwc1-02-640.jpg]
[www.thaigigabike.com/webgigabike.com/sr93-06/2005-50th-02-640.jpg]
[www.thaigigabike.com/webgigabike.com/sr93-06/2005-yb-02-640.jpg]
[www.thaigigabike.com/webgigabike.com/sr93-06/2006-bdom1-02-640.jpg]
[www.thaigigabike.com/webgigabike.com/sr93-06/sr-2003-le-02-640.jpg]
[www.thaigigabike.com/webgigabike.com/sr93-06/sr-2002-silver3-02-640.jpg]
[www.thaigigabike.com/webgigabike.com/sr93-06/sr-2002-vdgm1-02-640.jpg]
[www.thaigigabike.com/webgigabike.com/sr93-06/sr-2000-gmb-02-640.jpg]
[www.thaigigabike.com/webgigabike.com/sr93-06/sr-2000-400bg-02-640.jpg]
[www.thaigigabike.com/webgigabike.com/sr93-06/sr-1999-dprc3-02-640.jpg]
[www.thaigigabike.com/webgigabike.com/sr93-06/sr-1998-400drc2-02-640.jpg]
[www.thaigigabike.com/webgigabike.com/sr93-06/sr-1996-400gb-02-640.jpg]
[www.thaigigabike.com/webgigabike.com/sr93-06/sr-1995-dcm2-02-640.jpg]
[www.thaigigabike.com/webgigabike.com/sr93-06/sr-1993-bb-02-640.jpg]
[www.thaigigabike.com/webgigabike.com/sr93-06/sr-1993-400gb-02-640.jpg]
[www.thaigigabike.com/webgigabike.com/srm1.jpg]
[www.thaigigabike.com/webgigabike.com/official/of8.jpg]
[www.thaigigabike.com/webgigabike.com/official/of1.jpg]
[www.thaigigabike.com/webgigabike.com/official/of2.jpg]
[www.thaigigabike.com/webgigabike.com/official/of3.jpg]
[www.thaigigabike.com/webgigabike.com/official/of4.jpg]
[www.thaigigabike.com/webgigabike.com/official/of5.jpg]
[www.thaigigabike.com/webgigabike.com/official/of6.jpg]
[www.thaigigabike.com/webgigabike.com/official/of7.jpg]
[www.thaigigabike.com/webgigabike.com/krurngsr640.jpg]
[www.thaigigabike.com/SR ในฝันของคุณ.html]
[www.thaigigabike.com/w6508836.html]
[www.thaigigabike.com/webgigabike.com/Kawasaki w650/w.jpg]
[www.thaigigabike.com/webgigabike.com/Kawasaki w650/Nut-lock-Bearing.jpg]
[www.thaigigabike.com/webgigabike.com/Kawasaki w650/Adapter-Oil-bolt.jpg]
[www.thaigigabike.com/webgigabike.com/Kawasaki w650/Cover-air-flat.jpg]
[www.thaigigabike.com/webgigabike.com/Kawasaki w650/Adapter-Oil-1.jpg]
[www.thaigigabike.com/webgigabike.com/Royal Enfield/Lock-41-mm.jpg]
[www.thaigigabike.com/webgigabike.com/Kawasaki w650/Sty-39-v.jpg]
[www.thaigigabike.com/webgigabike.com/Kawasaki w650/nut-w650-cnc.jpg]
[www.thaigigabike.com/webgigabike.com/Kawasaki w650/Top-Yoke-STD-bk.jpg]
[www.thaigigabike.com/webgigabike.com/Kawasaki w650/Top-Yoke-STD-sl.jpg]
[www.thaigigabike.com/webgigabike.com/Kawasaki w650/Top-Yoke-Cafe-bk.jpg]
[www.thaigigabike.com/webgigabike.com/Kawasaki w650/Top-Yoke-Cafe-sl.jpg]
[www.thaigigabike.com/webgigabike.com/Kawasaki w650/cover-en-top.jpg]
[www.thaigigabike.com/webgigabike.com/Kawasaki w650/Cover-Diss-f-2.jpg]
[www.thaigigabike.com/webgigabike.com/Kawasaki w650/Cover-Diss-f-1.jpg]
[www.thaigigabike.com/webgigabike.com/Kawasaki w650/swingarm-w-st-si.jpg]
[www.thaigigabike.com/webgigabike.com/Kawasaki w650/swingarm-w-st-bl.jpg]
[www.thaigigabike.com/webgigabike.com/Kawasaki w650/swingarm-w-st-bl-1.jpg]
[www.thaigigabike.com/webgigabike.com/Kawasaki w650/swingarm-w-mo-si-2.jpg]
[www.thaigigabike.com/webgigabike.com/Kawasaki w650/swingarm-w-mo-bl.jpg]
[www.thaigigabike.com/webgigabike.com/Kawasaki w650/Brake-Arm-cnc-w650.jpg]
[www.thaigigabike.com/webgigabike.com/Kawasaki w650/cover-en-bl.jpg]
[www.thaigigabike.com/webgigabike.com/Kawasaki w650/cover-en.jpg]
[www.thaigigabike.com/webgigabike.com/Kawasaki w650/sprocket.jpg]
[www.thaigigabike.com/webgigabike.com/Kawasaki w650/spark-w650.jpg]
[www.thaigigabike.com/webgigabike.com/Kawasaki w650/Cover-air-fin.jpg]
[www.thaigigabike.com/webgigabike.com/Kawasaki w650/100_2187.jpg]
[www.thaigigabike.com/webgigabike.com/part/lokcdrumbrek-w650.jpg]
[www.thaigigabike.com/webgigabike.com/Kawasaki w650/Front-fender-w650.jpg]
[www.thaigigabike.com/webgigabike.com/Kawasaki w650/R-fender-w650.jpg]
[www.thaigigabike.com/webgigabike.com/Kawasaki w650/nut-w650.jpg]
[www.thaigigabike.com/w650.html]
[www.thaigigabike.com/webgigabike.com/kawasaki-Estrella/estrella-250.jpg]
[www.thaigigabike.com/webgigabike.com/kawasaki-Estrella/Nut0il.jpg]
[www.thaigigabike.com/webgigabike.com/kawasaki-Estrella/Bootweel-front-estrela.jpg]
[www.thaigigabike.com/webgigabike.com/kawasaki-Estrella/Bootwheel-rear-estrela.jpg]
[www.thaigigabike.com/webgigabike.com/kawasaki-Estrella/Bootweel-al-estrela.jpg]
[www.thaigigabike.com/webgigabike.com/kawasaki-Estrella/Lock-cocer-drumbreck.jpg]
[www.thaigigabike.com/webgigabike.com/kawasaki-Estrella/Swingarm-estrella-bk.jpg]
[www.thaigigabike.com/webgigabike.com/kawasaki-Estrella/Swingarm-estrella-sil-1.jpg]
[www.thaigigabike.com/webgigabike.com/kawasaki-Estrella/Swingarm-estrella-sil.jpg]
[www.thaigigabike.com/webgigabike.com/kawasaki-Estrella/nut-Chock-front.jpg]
[www.thaigigabike.com/webgigabike.com/kawasaki-Estrella/nut-estrela-cnc.jpg]
[www.thaigigabike.com/webgigabike.com/kawasaki-Estrella/Top-Yoke-CNC-custom.jpg]
[www.thaigigabike.com/webgigabike.com/kawasaki-Estrella/Top-Yoke-CNC.jpg]
[www.thaigigabike.com/webgigabike.com/kawasaki-Estrella/hoo-estrela.jpg]
[www.thaigigabike.com/webgigabike.com/kawasaki-Estrella/Coverva-sl.jpg]
[www.thaigigabike.com/webgigabike.com/kawasaki-Estrella/Coverva-bk.jpg]
[www.thaigigabike.com/webgigabike.com/kawasaki-Estrella/nut-estrela.jpg]
[www.thaigigabike.com/webgigabike.com/kawasaki-Estrella/bangklon-tr.jpg]
[www.thaigigabike.com/Estrella250.html]
[www.thaigigabike.com/KSR1108836.html]
[www.thaigigabike.com/webgigabike.com/kawasaki ksr 110/kawasaki_ksr110_600.jpg]
[www.thaigigabike.com/webgigabike.com/kawasaki ksr 110/Sprocket415.jpg]
[www.thaigigabike.com/webgigabike.com/kawasaki ksr 110/Sprocket415-hd.jpg]
[www.thaigigabike.com/webgigabike.com/kawasaki ksr 110/ksr110-moto-gp.jpg]
[www.thaigigabike.com/webgigabike.com/KR150/KR150.jpg]
[www.thaigigabike.com/webgigabike.com/Ninja400/Nut-Bearing-top-N4-1.jpg]
[www.thaigigabike.com/webgigabike.com/Ninja400/Nut-Bearing-top-N4-2.jpg]
[www.thaigigabike.com/webgigabike.com/KR150/bolt-KR.jpg]
[www.thaigigabike.com/webgigabike.com/KR150/Sprocket-Front-kr150-415.jpg]
[www.thaigigabike.com/webgigabike.com/KR150/Sprocket-kr150-hart.jpg]
[www.thaigigabike.com/webgigabike.com/sprocket all/st-kr150.jpg]
[www.thaigigabike.com/KSR110.html]
[www.thaigigabike.com/Ninja250_300_Ninja4008836.html]
[www.thaigigabike.com/webgigabike.com/Ninja400/ninja400.jpg]
[www.thaigigabike.com/webgigabike.com/Ninja400/Key-tang-sl.jpg]
[www.thaigigabike.com/webgigabike.com/Ninja400/Key-tang-bk.jpg]
[www.thaigigabike.com/webgigabike.com/Ninja400/AdapterTop-Rear-Shock-bk.jpg]
[www.thaigigabike.com/webgigabike.com/Ninja400/AdapterTop-Rear-Shock-sl.jpg]
[www.thaigigabike.com/webgigabike.com/Ninja400/caliper-N4-STD.jpg]
[www.thaigigabike.com/webgigabike.com/Ninja400/Breck-n4-310-5mm-1.jpg]
[www.thaigigabike.com/webgigabike.com/Ninja400/Breck-n4-310-5mm-2.jpg]
[www.thaigigabike.com/webgigabike.com/Ninja400/M-Unitrak-N4-gr-bk.jpg]
[www.thaigigabike.com/webgigabike.com/Ninja400/M-Unitrak-N4-hd-gl.jpg]
[www.thaigigabike.com/webgigabike.com/Ninja400/M-Unitrak-N4-sl-2.jpg]
[www.thaigigabike.com/webgigabike.com/Ninja400/Unitrak-N4.jpg]
[www.thaigigabike.com/webgigabike.com/Ninja400/Bootwheel-Hub-IN-N4.jpg]
[www.thaigigabike.com/webgigabike.com/Ninja400/Bootwheel-rear-IN-N4.jpg]
[www.thaigigabike.com/webgigabike.com/Ninja400/Bootwheel-Front-IN-N4.jpg]
[www.thaigigabike.com/webgigabike.com/Ninja400/Footregs-n4-ST4-1.jpg]
[www.thaigigabike.com/webgigabike.com/Ninja400/Footregs-n4-ST4.jpg]
[www.thaigigabike.com/webgigabike.com/Ninja400/Footregs-n4-ST4-2.jpg]
[www.thaigigabike.com/webgigabike.com/Ninja400/adjust-distance.jpg]
[www.thaigigabike.com/webgigabike.com/Ninja400/sty-sil-ninja400.jpg]
[www.thaigigabike.com/webgigabike.com/Ninja400/Adap-sty.jpg]
[www.thaigigabike.com/webgigabike.com/Ninja400/spring-cap.jpg]
[www.thaigigabike.com/webgigabike.com/Ninja400/cover-Cluch.jpg]
[www.thaigigabike.com/webgigabike.com/Ninja400/caliper-N4-Re-2.jpg]
[www.thaigigabike.com/webgigabike.com/Ninja400/caliper-N4-Re-1.jpg]
[www.thaigigabike.com/webgigabike.com/Ninja400/Nut-top.jpg]
[www.thaigigabike.com/webgigabike.com/Ninja400/Breck-n4-310.jpg]
[www.thaigigabike.com/webgigabike.com/Ninja400/caliper-N4-4pot-bk.jpg]
[www.thaigigabike.com/webgigabike.com/Ninja400/caliper-N4-4pot-310.jpg]
[www.thaigigabike.com/webgigabike.com/R3/Hand41-r6.jpg]
[www.thaigigabike.com/webgigabike.com/Ninja400/Bootwheel-allt-ninja400.jpg]
[www.thaigigabike.com/webgigabike.com/Ninja400/Pangcor-n4-step.jpg]
[www.thaigigabike.com/webgigabike.com/Ninja400/Pangcor-n4-2.jpg]
[www.thaigigabike.com/webgigabike.com/Ninja400/Pangcor-n4-3.jpg]
[www.thaigigabike.com/webgigabike.com/Ninja400/cover-egr.jpg]
[www.thaigigabike.com/webgigabike.com/Ninja400/trumpet.jpg]
[www.thaigigabike.com/webgigabike.com/Ninja400/trumpet-n4.jpg]
[www.thaigigabike.com/webgigabike.com/Racing/Footpeg-Road.jpg]
[www.thaigigabike.com/webgigabike.com/Ninja400/Footregs-n4-t3l-sl-all.jpg]
[www.thaigigabike.com/webgigabike.com/Ninja400/Footregs-n4-t3r-sl-all.jpg]
[www.thaigigabike.com/webgigabike.com/Ninja400/sty-blk-ninja400-T2.jpg]
[www.thaigigabike.com/webgigabike.com/Ninja400/Footregs-n4-t3r-sl.jpg]
[www.thaigigabike.com/webgigabike.com/Ninja400/Footregs-n4-t3l-sl.jpg]
[www.thaigigabike.com/webgigabike.com/Ninja400/Foot-sil-racing.jpg]
[www.thaigigabike.com/webgigabike.com/Ninja400/Foot-blkl-racing.jpg]
[www.thaigigabike.com/webgigabike.com/Ninja400/Footsty-sil-ninja400-l-st2.jpg]
[www.thaigigabike.com/webgigabike.com/Ninja400/Footsty-sil-ninja400-r-st2.jpg]
[www.thaigigabike.com/webgigabike.com/Ninja400/Footsty-sil-ninja400.jpg]
[www.thaigigabike.com/webgigabike.com/Ninja400/Footsty-blk-ninja400.jpg]
[www.thaigigabike.com/webgigabike.com/Ninja400/Footsty-sil-ninja400-l.jpg]
[www.thaigigabike.com/webgigabike.com/Ninja400/Footsty-sil-ninja400-r.jpg]
[www.thaigigabike.com/webgigabike.com/Ninja400/Sprockket-Front-N4-415-16-19.jpg]
[www.thaigigabike.com/webgigabike.com/Ninja300/Sprocket-ninja300-520-14t.jpg]
[www.thaigigabike.com/webgigabike.com/Ninja400/RC-1.jpg]
[www.thaigigabike.com/webgigabike.com/Ninja400/RC-3.jpg]
[www.thaigigabike.com/webgigabike.com/Ninja400/RC-2.jpg]
[www.thaigigabike.com/webgigabike.com/Ninja400/RC-4.jpg]
[www.thaigigabike.com/webgigabike.com/ZX250R/ZX250R.jpg]
[www.thaigigabike.com/webgigabike.com/ZX250R/Sprocket-R-ha.jpg]
[www.thaigigabike.com/webgigabike.com/ZX250R/ZX250R-1.jpg]
[www.thaigigabike.com/webgigabike.com/ZX250R/ZX250R-2.jpg]
[www.thaigigabike.com/webgigabike.com/NinjaZX10R/KRRC-1.jpg]
[www.thaigigabike.com/webgigabike.com/sprocket all/Er6-Z8-Z1000.jpg]
[www.thaigigabike.com/webgigabike.com/sprocket all/Kawasaki-ZX10R.jpg]
[www.thaigigabike.com/webgigabike.com/Ninja300/ninja-300.jpg]
[www.thaigigabike.com/webgigabike.com/Ninja300/Foot-n3-sl.jpg]
[www.thaigigabike.com/webgigabike.com/Ninja300/Foot-n3-bk.jpg]
[www.thaigigabike.com/webgigabike.com/Ninja300/egr-n3.jpg]
[www.thaigigabike.com/Ninja250_300_Ninja400.html]
[www.thaigigabike.com/Ninjazx10rr8836.html]
[www.thaigigabike.com/webgigabike.com/NinjaZX10R/Rearset-zx10rr.jpg]
[www.thaigigabike.com/Ninjazx10rr.html]
[www.thaigigabike.com/webgigabike.com/logogigabike1_001.jpg]
[www.thaigigabike.com/webgigabike.com/logogigabike1.jpg]
[www.thaigigabike.com/webgigabike.com/tmp004_1_03.gif]
[www.thaigigabike.com/วิธีดูแลรักษา SR ของคุณ8836.html]
[www.thaigigabike.com/เว็ปบอร์ด.html]
[www.thaigigabike.com/index 1.html]
[www.thaigigabike.com/index jp.html]
[www.thaigigabike.com/วิธีดูแลรักษา SR ของคุณ.html]
[www.thaigigabike.com/Tempter4008836.html]
[www.thaigigabike.com/webgigabike.com/suzuki/temter400/temter400-1.jpg]
[www.thaigigabike.com/webgigabike.com/bangclon sr/bangclontemter.jpg]
[www.thaigigabike.com/webgigabike.com/suzuki/bangklon-vorty.jpg]
[www.thaigigabike.com/Tempter400.html]
[www.thaigigabike.com/Sprocket Alloys.html]
[www.thaigigabike.com/triumph_Truxton9008836.html]
[www.thaigigabike.com/webgigabike.com/Triumph/triumph-thrux.jpg]
[www.thaigigabike.com/webgigabike.com/Triumph/triumph-gigabike.jpg]
[www.thaigigabike.com/webgigabike.com/Triumph/Sty-tun-allnew.jpg]
[www.thaigigabike.com/webgigabike.com/Ohlins/flat-bar-adapter.jpg]
[www.thaigigabike.com/webgigabike.com/Triumph/sprocket-trx900Hart.jpg]
[www.thaigigabike.com/webgigabike.com/Triumph/sprocket-trx-900-520-18t.jpg]
[www.thaigigabike.com/webgigabike.com/Triumph/sprocket-trx-r-Hart.jpg]
[www.thaigigabike.com/webgigabike.com/Triumph/sprocket-treetwin-Hart.jpg]
[www.thaigigabike.com/webgigabike.com/Triumph/sprocket-t120-Hart.jpg]
[www.thaigigabike.com/webgigabike.com/Triumph/Tire-cover-chock-brow.jpg]
[www.thaigigabike.com/webgigabike.com/Triumph/Tire-cover-chock.jpg]
[www.thaigigabike.com/webgigabike.com/Triumph/cover-tank.jpg]
[www.thaigigabike.com/webgigabike.com/Triumph/Footstep-1.jpg]
[www.thaigigabike.com/webgigabike.com/Triumph/Footstep-2.jpg]
[www.thaigigabike.com/webgigabike.com/Triumph/steyheadlight-Shot-v68si.jpg]
[www.thaigigabike.com/webgigabike.com/Triumph/steyheadlight-Shot-v68bk.jpg]
[www.thaigigabike.com/webgigabike.com/Triumph/handdert100new.jpg]
[www.thaigigabike.com/webgigabike.com/Triumph/Footpet_re.jpg]
[www.thaigigabike.com/webgigabike.com/Triumph/Sai.jpg]
[www.thaigigabike.com/webgigabike.com/Triumph/pangcor_43mm_triumph1.jpg]
[www.thaigigabike.com/webgigabike.com/Triumph/pangcor_43mm_triumph.jpg]
[www.thaigigabike.com/webgigabike.com/Triumph/Clip_FG602_43mm_triumph.jpg]
[www.thaigigabike.com/webgigabike.com/Triumph/Wheel-axle-43mm.jpg]
[www.thaigigabike.com/webgigabike.com/Triumph/Wheel-axle-43mm-fo.jpg]
[www.thaigigabike.com/webgigabike.com/Triumph/bracket-tu-rear-show.jpg]
[www.thaigigabike.com/webgigabike.com/Triumph/bracket-tu-rear.jpg]
[www.thaigigabike.com/webgigabike.com/Triumph/Cover_bracket-cluck.jpg]
[www.thaigigabike.com/webgigabike.com/Triumph/Dissbreck-front-brembo-trx900.jpg]
[www.thaigigabike.com/webgigabike.com/Triumph/Cover-Eni-bl-r.jpg]
[www.thaigigabike.com/webgigabike.com/Triumph/gard-bl-en.jpg]
[www.thaigigabike.com/webgigabike.com/Triumph/stey-headlight-t120-mo-bl.jpg]
[www.thaigigabike.com/webgigabike.com/Triumph/stey-headlight-t120-si.jpg]
[www.thaigigabike.com/webgigabike.com/Triumph/stey-headlight-t120-bl.jpg]
[www.thaigigabike.com/webgigabike.com/Triumph/Cover-diss-si-bl.jpg]
[www.thaigigabike.com/webgigabike.com/Triumph/Cover-diss-si.jpg]
[www.thaigigabike.com/webgigabike.com/Triumph/Cover-diss-bl.jpg]
[www.thaigigabike.com/webgigabike.com/Triumph/sw-triumph-t3-bl-a.jpg]
[www.thaigigabike.com/webgigabike.com/Triumph/sw-triumph-t3-bl.jpg]
[www.thaigigabike.com/webgigabike.com/Triumph/sw-triumph-t3-si.jpg]
[www.thaigigabike.com/webgigabike.com/Triumph/sw-triumph-t2-6.jpg]
[www.thaigigabike.com/webgigabike.com/Triumph/sw-triumph-t2-4.jpg]
[www.thaigigabike.com/webgigabike.com/Triumph/sw-triumph-t2-5.jpg]
[www.thaigigabike.com/webgigabike.com/Triumph/sw-triumph-t2-3.jpg]
[www.thaigigabike.com/webgigabike.com/Triumph/sw-triumph-t2-7.jpg]
[www.thaigigabike.com/webgigabike.com/Triumph/sw-triumph-t2-2.jpg]
[www.thaigigabike.com/webgigabike.com/Triumph/sw-triumph-t2-1.jpg]
[www.thaigigabike.com/webgigabike.com/Triumph/sw-triumph-t1-77.jpg]
[www.thaigigabike.com/webgigabike.com/Triumph/sw-triumph-t1-11.jpg]
[www.thaigigabike.com/webgigabike.com/Triumph/sw-triumph-t1-22.jpg]
[www.thaigigabike.com/webgigabike.com/Triumph/sw-triumph-t1-44.jpg]
[www.thaigigabike.com/webgigabike.com/Triumph/sw-triumph-t1-55.jpg]
[www.thaigigabike.com/webgigabike.com/Triumph/sw-triumph-t1-66.jpg]
[www.thaigigabike.com/webgigabike.com/Triumph/sw-triumph-t1-33.jpg]
[www.thaigigabike.com/webgigabike.com/Triumph/sw-triumph-t1-88.jpg]
[www.thaigigabike.com/webgigabike.com/Triumph/sw-triumph-t1-99.jpg]
[www.thaigigabike.com/webgigabike.com/Triumph/sw-triumph-t1-2.jpg]
[www.thaigigabike.com/webgigabike.com/Triumph/sw-triumph-t1-1.jpg]
[www.thaigigabike.com/webgigabike.com/Triumph/sw-triumph-t1-3.jpg]
[www.thaigigabike.com/webgigabike.com/Triumph/sw-triumph-t1-6.jpg]
[www.thaigigabike.com/webgigabike.com/Triumph/sw-triumph-t1-4.jpg]
[www.thaigigabike.com/webgigabike.com/Triumph/sw-triumph-t1-5.jpg]
[www.thaigigabike.com/webgigabike.com/Triumph/steyheadlight-long-tune.jpg]
[www.thaigigabike.com/webgigabike.com/Triumph/sprocket-treetwin.jpg]
[www.thaigigabike.com/webgigabike.com/Triumph/sprocket-t120.jpg]
[www.thaigigabike.com/webgigabike.com/Triumph/sprocket-trx-r.jpg]
[www.thaigigabike.com/webgigabike.com/Triumph/gard-bl.jpg]
[www.thaigigabike.com/webgigabike.com/Triumph/bracket-tu-fron.jpg]
[www.thaigigabike.com/webgigabike.com/Triumph/nut-oli.jpg]
[www.thaigigabike.com/webgigabike.com/Triumph/sprocket-new-bl1.jpg]
[www.thaigigabike.com/webgigabike.com/Triumph/sprocket-new-bl2.jpg]
[www.thaigigabike.com/webgigabike.com/Triumph/boot-tor.jpg]
[www.thaigigabike.com/webgigabike.com/Triumph/nut-cover.jpg]
[www.thaigigabike.com/webgigabike.com/Triumph/nut-cover-ka.jpg]
[www.thaigigabike.com/webgigabike.com/part/hoocharng_cnc-long.jpg-1.jpg]
[www.thaigigabike.com/webgigabike.com/Triumph/bracket-kee.jpg]
[www.thaigigabike.com/webgigabike.com/Triumph/bracket-cluck.jpg]
[www.thaigigabike.com/webgigabike.com/Triumph/Cover-chan.jpg]
[www.thaigigabike.com/webgigabike.com/Triumph/bracket-turn.jpg]
[www.thaigigabike.com/webgigabike.com/Triumph/miter2.jpg]
[www.thaigigabike.com/webgigabike.com/Triumph/miter1all.jpg]
[www.thaigigabike.com/webgigabike.com/Triumph/nut-yok.jpg]
[www.thaigigabike.com/webgigabike.com/Triumph/nut-co1.jpg]
[www.thaigigabike.com/webgigabike.com/Triumph/covercarbureter3.jpg]
[www.thaigigabike.com/webgigabike.com/Triumph/covercarbureter1.jpg]
[www.thaigigabike.com/webgigabike.com/Triumph/covercarbureter2.jpg]
[www.thaigigabike.com/webgigabike.com/Triumph/Cover-sprocket-fr.jpg]
[www.thaigigabike.com/webgigabike.com/Triumph/Cover-sprocket-fr-si.jpg]
[www.thaigigabike.com/webgigabike.com/Triumph/Cover-sprocket-fr-bl1.jpg]
[www.thaigigabike.com/webgigabike.com/Triumph/bootchock.jpg]
[www.thaigigabike.com/webgigabike.com/Triumph/sprocket-re.jpg]
[www.thaigigabike.com/webgigabike.com/Triumph/pangcortriumph.jpg]
[www.thaigigabike.com/webgigabike.com/Triumph/nut-sead.jpg]
[www.thaigigabike.com/webgigabike.com/Triumph/chuk-cluch-al.jpg]
[www.thaigigabike.com/webgigabike.com/Triumph/chuk-cabu.jpg]
[www.thaigigabike.com/webgigabike.com/Triumph/hand.jpg]
[www.thaigigabike.com/webgigabike.com/Triumph/steyheadlight-sil.jpg]
[www.thaigigabike.com/webgigabike.com/Triumph/steyheadlight1.jpg]
[www.thaigigabike.com/webgigabike.com/Triumph/triumph-thruxton1.jpg]
[www.thaigigabike.com/webgigabike.com/Triumph/triumph-thruxton3.jpg]
[www.thaigigabike.com/webgigabike.com/Triumph/triumph-thruxton4.jpg]
[www.thaigigabike.com/webgigabike.com/Triumph/triumph-thruxton5.jpg]
[www.thaigigabike.com/webgigabike.com/Triumph/daytona-675.jpg]
[www.thaigigabike.com/webgigabike.com/Triumph/sprocket-daytona-675.jpg]
[www.thaigigabike.com/triumph_Truxton900.html]
[www.thaigigabike.com/BMW8836.html]
[www.thaigigabike.com/webgigabike.com/BMW/S1000rr-2019.jpg]
[www.thaigigabike.com/webgigabike.com/BMW/S1000rr-2021-45t.jpg]
[www.thaigigabike.com/webgigabike.com/BMW/S1000rr-45t.jpg]
[www.thaigigabike.com/BMW.html]
[www.thaigigabike.com/Stallions8836.html]
[www.thaigigabike.com/webgigabike.com/Stallions centaur/Stallions-centaur.jpg]
[www.thaigigabike.com/webgigabike.com/Stallions centaur/hand1.jpg]
[www.thaigigabike.com/webgigabike.com/Stallions centaur/p3-1.jpg]
[www.thaigigabike.com/webgigabike.com/Stallions centaur/p3.jpg]
[www.thaigigabike.com/webgigabike.com/Stallions centaur/p2-1.jpg]
[www.thaigigabike.com/webgigabike.com/Stallions centaur/p1.jpg]
[www.thaigigabike.com/webgigabike.com/Stallions centaur/hoo2.jpg]
[www.thaigigabike.com/webgigabike.com/Stallions centaur/hoo1.jpg]
[www.thaigigabike.com/webgigabike.com/Stallions centaur/bs3.jpg]
[www.thaigigabike.com/webgigabike.com/Stallions centaur/bs1.jpg]
[www.thaigigabike.com/webgigabike.com/Stallions centaur/bs2.jpg]
[www.thaigigabike.com/webgigabike.com/Stallions centaur/cam3.jpg]
[www.thaigigabike.com/webgigabike.com/Stallions centaur/cam2.jpg]
[www.thaigigabike.com/webgigabike.com/Stallions centaur/cam1.jpg]
[www.thaigigabike.com/Stallions.html]
[www.thaigigabike.com/RoyalEnfield_GT5008836.html]
[www.thaigigabike.com/webgigabike.com/Royal Enfield/RoyalEnfieldP.jpg]
[www.thaigigabike.com/webgigabike.com/Royal Enfield/cover-en-re-bl-si.jpg]
[www.thaigigabike.com/webgigabike.com/Royal Enfield/cover-en-gt-bl-si.jpg]
[www.thaigigabike.com/webgigabike.com/Royal Enfield/pangcor-top-tukkata-si.jpg]
[www.thaigigabike.com/webgigabike.com/Royal Enfield/stey-brembo-re.jpg]
[www.thaigigabike.com/webgigabike.com/Royal Enfield/stey-brembo.jpg]
[www.thaigigabike.com/webgigabike.com/Royal Enfield/pangcor-top-re1.jpg]
[www.thaigigabike.com/webgigabike.com/Royal Enfield/pangcor-top-re.jpg]
[www.thaigigabike.com/webgigabike.com/Royal Enfield/pangcor-black.jpg]
[www.thaigigabike.com/webgigabike.com/Royal Enfield/pangcor-siver.jpg]
[www.thaigigabike.com/webgigabike.com/Royal Enfield/pangcor-top.jpg]
[www.thaigigabike.com/webgigabike.com/Royal Enfield/cover-frem-lum.jpg]
[www.thaigigabike.com/webgigabike.com/Royal Enfield/cover-frem.jpg]
[www.thaigigabike.com/webgigabike.com/Royal Enfield/sprocket-re-cut.jpg]
[www.thaigigabike.com/webgigabike.com/Royal Enfield/cover-en-enland.jpg]
[www.thaigigabike.com/webgigabike.com/Royal Enfield/cover-en-cut.jpg]
[www.thaigigabike.com/webgigabike.com/Royal Enfield/cover-en-gt.jpg]
[www.thaigigabike.com/webgigabike.com/Royal Enfield/cover-en-re.jpg]
[www.thaigigabike.com/webgigabike.com/Royal Enfield/cover-oil-gt.jpg]
[www.thaigigabike.com/webgigabike.com/Royal Enfield/cover-oil-re.jpg]
[www.thaigigabike.com/webgigabike.com/Royal Enfield/cover-oil-ly.jpg]
[www.thaigigabike.com/webgigabike.com/Royal Enfield/sprocket-re.jpg]
[www.thaigigabike.com/webgigabike.com/Royal Enfield/nut-soch-1.jpg]
[www.thaigigabike.com/webgigabike.com/Royal Enfield/nut-soch.jpg]
[www.thaigigabike.com/webgigabike.com/Royal Enfield/nut-top-sus.jpg]
[www.thaigigabike.com/RoyalEnfield_GT500.html]
[www.thaigigabike.com/ducati_Monter7958836.html]
[www.thaigigabike.com/webgigabike.com/Ducati/Ducati-V4R.jpg]
[www.thaigigabike.com/webgigabike.com/Ducati/Ducati-Monster-795.jpg]
[www.thaigigabike.com/webgigabike.com/Ducati/top-1.jpg]
[www.thaigigabike.com/webgigabike.com/Ducati/V4R-hd.jpg]
[www.thaigigabike.com/webgigabike.com/Ducati/V4R-hd-bk.jpg]
[www.thaigigabike.com/webgigabike.com/Ducati/V4R-2.jpg]
[www.thaigigabike.com/webgigabike.com/Ducati/V4R-4.jpg]
[www.thaigigabike.com/webgigabike.com/Ducati/V4R-1.jpg]
[www.thaigigabike.com/webgigabike.com/Ducati/sprocket-D6-525-42t-hart.jpg]
[www.thaigigabike.com/webgigabike.com/Ducati/sprocket-D6-bg.jpg]
[www.thaigigabike.com/webgigabike.com/Ducati/sprocket-D6-rb.jpg]
[www.thaigigabike.com/webgigabike.com/Ducati/sprocket-796-1.jpg]
[www.thaigigabike.com/webgigabike.com/Ducati/sprocket-796-520-42-bk.jpg]
[www.thaigigabike.com/webgigabike.com/Ducati/sprocket-796-2.jpg]
[www.thaigigabike.com/webgigabike.com/Ducati/sprocket-m=sg.jpg]
[www.thaigigabike.com/webgigabike.com/Ducati/sprocket-m-bg.jpg]
[www.thaigigabike.com/webgigabike.com/Ducati/sprocket-m-rb.jpg]
[www.thaigigabike.com/webgigabike.com/Ducati/sprocket-m-rg.jpg]
[www.thaigigabike.com/webgigabike.com/Ducati/sprocket-m-rg-bg.jpg]
[www.thaigigabike.com/webgigabike.com/Ducati/sprocket-m796.jpg]
[www.thaigigabike.com/webgigabike.com/Ducati/sprocket-796-Aem-520-40-bk.jpg]
[www.thaigigabike.com/webgigabike.com/Ducati/sprocket-796-Aem-520-40-hd.jpg]
[www.thaigigabike.com/webgigabike.com/Ducati/Hub-796-aem.jpg]
[www.thaigigabike.com/webgigabike.com/Ducati/Scambl-520-46.jpg]
[www.thaigigabike.com/webgigabike.com/Ducati/Scambl-ha-520-46.jpg]
[www.thaigigabike.com/webgigabike.com/Ducati/pa-899.jpg]
[www.thaigigabike.com/webgigabike.com/Ducati/nut-weel_shot.jpg]
[www.thaigigabike.com/webgigabike.com/Ducati/Top-cor-sl1.jpg]
[www.thaigigabike.com/webgigabike.com/Ducati/Top-cor-bk1.jpg]
[www.thaigigabike.com/webgigabike.com/Ducati/Top-cor1.jpg]
[www.thaigigabike.com/webgigabike.com/Ducati/Top-cor.jpg]
[www.thaigigabike.com/webgigabike.com/Ducati/Cover-en-red.jpg]
[www.thaigigabike.com/webgigabike.com/Ducati/Cover-en-go.jpg]
[www.thaigigabike.com/ducati_Monter795.html]
[www.thaigigabike.com/สินค้า.html]
[www.thaigigabike.com/HD8836.html]
[www.thaigigabike.com/webgigabike.com/HD/harley-davidson-48.jpg]
[www.thaigigabike.com/webgigabike.com/HD/Cylinder-HD-2.jpg]
[www.thaigigabike.com/webgigabike.com/HD/Cylinder-HD-3.jpg]
[www.thaigigabike.com/webgigabike.com/HD/Cylinder-HD-1.jpg]
[www.thaigigabike.com/webgigabike.com/HD/Sprockets-front-530-25t-Steel.jpg]
[www.thaigigabike.com/webgigabike.com/HD/Sprockets-front-530-25t-1.jpg]
[www.thaigigabike.com/webgigabike.com/HD/Sprockets-front-530-25t.jpg]
[www.thaigigabike.com/webgigabike.com/HD/Sprockets-front-530-24t-Sportter-2.jpg]
[www.thaigigabike.com/webgigabike.com/HD/Sprockets-530-48-bk.jpg]
[www.thaigigabike.com/webgigabike.com/HD/Sprockets-530-48-had.jpg]
[www.thaigigabike.com/webgigabike.com/HD/Sprockets-Adapter.jpg]
[www.thaigigabike.com/webgigabike.com/HD/pillars-10-28-3.jpg]
[www.thaigigabike.com/webgigabike.com/HD/pillars-10-28-2.jpg]
[www.thaigigabike.com/webgigabike.com/HD/pillars-10-28-1.jpg]
[www.thaigigabike.com/webgigabike.com/HD/pillars-10-3-5.jpg]
[www.thaigigabike.com/webgigabike.com/HD/pillars-10-3-1.jpg]
[www.thaigigabike.com/webgigabike.com/HD/pillars-10-3-2.jpg]
[www.thaigigabike.com/webgigabike.com/HD/pillars-10-3-4.jpg]
[www.thaigigabike.com/webgigabike.com/HD/pillars-10-3-3.jpg]
[www.thaigigabike.com/webgigabike.com/HD/pillars-8-3-5.jpg]
[www.thaigigabike.com/webgigabike.com/HD/pillars-8-3-4.jpg]
[www.thaigigabike.com/webgigabike.com/HD/pillars-8-3-2.jpg]
[www.thaigigabike.com/webgigabike.com/HD/pillars-8-3-3.jpg]
[www.thaigigabike.com/webgigabike.com/HD/pillars-8-3-1.jpg]
[www.thaigigabike.com/webgigabike.com/HD/pillars-l-6.jpg]
[www.thaigigabike.com/webgigabike.com/HD/pillars-l-5.jpg]
[www.thaigigabike.com/webgigabike.com/HD/pillars-l-4.jpg]
[www.thaigigabike.com/webgigabike.com/HD/pillars-l-3.jpg]
[www.thaigigabike.com/webgigabike.com/HD/pillars-l-2.jpg]
[www.thaigigabike.com/webgigabike.com/HD/pillars-l-1.jpg]
[www.thaigigabike.com/webgigabike.com/HD/pillars-l-8-inch-straight-height-3.jpg]
[www.thaigigabike.com/webgigabike.com/HD/pillars-l-8-inch-straight-height-2.jpg]
[www.thaigigabike.com/webgigabike.com/HD/pillars-l-8-inch-straight-height-1.jpg]
[www.thaigigabike.com/webgigabike.com/HD/pillars-l-10-inch-straight-height-4.jpg]
[www.thaigigabike.com/webgigabike.com/HD/pillars-l-10-inch-straight-height-3.jpg]
[www.thaigigabike.com/webgigabike.com/HD/pillars-l-10-inch-straight-height-2.jpg]
[www.thaigigabike.com/webgigabike.com/HD/pillars-l-10-inch-straight-height-1.jpg]
[www.thaigigabike.com/webgigabike.com/HD/cover-en.jpg]
[www.thaigigabike.com/webgigabike.com/HD/cover-blak.jpg]
[www.thaigigabike.com/webgigabike.com/HD/cover-sil.jpg]
[www.thaigigabike.com/webgigabike.com/HD/air2.jpg]
[www.thaigigabike.com/webgigabike.com/HD/air3.jpg]
[www.thaigigabike.com/webgigabike.com/HD/air4.jpg]
[www.thaigigabike.com/webgigabike.com/HD/air1.jpg]
[www.thaigigabike.com/webgigabike.com/HD/all1.jpg]
[www.thaigigabike.com/webgigabike.com/HD/all2.jpg]
[www.thaigigabike.com/webgigabike.com/HD/fp4.jpg]
[www.thaigigabike.com/webgigabike.com/HD/fp3.jpg]
[www.thaigigabike.com/webgigabike.com/HD/11.jpg]
[www.thaigigabike.com/webgigabike.com/HD/7.jpg]
[www.thaigigabike.com/webgigabike.com/HD/5.jpg]
[www.thaigigabike.com/webgigabike.com/HD/4.jpg]
[www.thaigigabike.com/webgigabike.com/HD/3.jpg]
[www.thaigigabike.com/webgigabike.com/HD/1.jpg]
[www.thaigigabike.com/webgigabike.com/HD/2.jpg]
[www.thaigigabike.com/webgigabike.com/olscool/olscool-3-1024.jpg]
[www.thaigigabike.com/webgigabike.com/custom bike/bike23a.jpg]
[www.thaigigabike.com/webgigabike.com/olscool/olscool-2-640.jpg]
[www.thaigigabike.com/HD.html]
[www.thaigigabike.com/KTM-RC3908836.html]
[www.thaigigabike.com/webgigabike.com/KTM/RC390.jpg]
[www.thaigigabike.com/webgigabike.com/KTM/Raerset-rc390-1.jpg]
[www.thaigigabike.com/webgigabike.com/KTM/Topyock-rc390-40-1.jpg]
[www.thaigigabike.com/webgigabike.com/KTM/Topyock-rc390-40-2.jpg]
[www.thaigigabike.com/webgigabike.com/KTM/Topyock-rc390-30-1.jpg]
[www.thaigigabike.com/webgigabike.com/KTM/Nuttop-rc390.jpg]
[www.thaigigabike.com/webgigabike.com/KTM/Cam51mm-RC390.jpg]
[www.thaigigabike.com/webgigabike.com/KTM/Spoon-RC390.jpg]
[www.thaigigabike.com/webgigabike.com/KTM/Boottang-rc390.jpg]
[www.thaigigabike.com/webgigabike.com/KTM/Bootcover-sprocket-front-rc390.jpg]
[www.thaigigabike.com/webgigabike.com/KTM/Sprocket-RC390-520.jpg]
[www.thaigigabike.com/webgigabike.com/KTM/Sprocket-Duke-415.jpg]
[www.thaigigabike.com/webgigabike.com/sprocket all/Galespeedwi.jpg]
[www.thaigigabike.com/webgigabike.com/KTM/Front-sprocket-520.jpg]
[www.thaigigabike.com/KTM-RC390.html]
[www.thaigigabike.com/Ohlins8836.html]
[www.thaigigabike.com/webgigabike.com/Ohlins/FG-621g.jpg]
[www.thaigigabike.com/webgigabike.com/Ohlins/FG-621.jpg]
[www.thaigigabike.com/webgigabike.com/Ohlins/Fg43-100m-bk2.jpg]
[www.thaigigabike.com/webgigabike.com/Ohlins/Fg43-100m-sl2.jpg]
[www.thaigigabike.com/webgigabike.com/Ohlins/Fg43-100m-bk1.jpg]
[www.thaigigabike.com/webgigabike.com/part/lock-kunsabus-43.jpg]
[www.thaigigabike.com/webgigabike.com/part/brembo-320_43mmA.jpg]
[www.thaigigabike.com/webgigabike.com/part/Part_ohlins.jpg]
[www.thaigigabike.com/webgigabike.com/Ohlins/Adapter-chok.jpg]
[www.thaigigabike.com/webgigabike.com/Ohlins/Adapter-chok27.jpg]
[www.thaigigabike.com/webgigabike.com/Ohlins/Adapter-chok40.jpg]
[www.thaigigabike.com/webgigabike.com/Ohlins/yss.jpg]
[www.thaigigabike.com/webgigabike.com/Ohlins/Adapter-chok-yss27.jpg]
[www.thaigigabike.com/Ohlins.html]
[www.thaigigabike.com/Sprocket_Alloys8836.html]
[www.thaigigabike.com/webgigabike.com/sprocket all/S1000rr-2019.jpg]
[www.thaigigabike.com/webgigabike.com/sprocket all/S1000rr-2021-45t.jpg]
[www.thaigigabike.com/webgigabike.com/sprocket all/S1000rr-45t.jpg]
[www.thaigigabike.com/webgigabike.com/sprocket all/TMAX.jpg]
[www.thaigigabike.com/webgigabike.com/sprocket all/Tmax-520-42t.jpg]
[www.thaigigabike.com/webgigabike.com/sprocket all/marchesini-1.jpg]
[www.thaigigabike.com/webgigabike.com/sprocket all/marchesini-530-43-h1.jpg]
[www.thaigigabike.com/webgigabike.com/sprocket all/marchesini-530-43-g.jpg]
[www.thaigigabike.com/webgigabike.com/sprocket all/Gelspeed-530-43-h.jpg]
[www.thaigigabike.com/webgigabike.com/sprocket all/Gelspeed-530-43-g.jpg]
[www.thaigigabike.com/webgigabike.com/Racing/Footpegs4.jpg]
[www.thaigigabike.com/webgigabike.com/Racing/Footpeg-rd.jpg]
[www.thaigigabike.com/webgigabike.com/sprocket all/Arilia250.jpg]
[www.thaigigabike.com/webgigabike.com/sprocket all/Rader150-2004.jpg]
[www.thaigigabike.com/webgigabike.com/sprocket all/Rader150-2004-415.jpg]
[www.thaigigabike.com/webgigabike.com/sprocket all/Sprocket-Front-z300.jpg]
[www.thaigigabike.com/webgigabike.com/Ducati/Ducati-Monster-796.jpg]
[www.thaigigabike.com/webgigabike.com/KR150/M-SLAZ-Edition.jpg]
[www.thaigigabike.com/webgigabike.com/sprocket all/m-slaz-2.jpg]
[www.thaigigabike.com/webgigabike.com/sprocket all/m-slaz-1.jpg]
[www.thaigigabike.com/webgigabike.com/srgiga3.jpg]
[www.thaigigabike.com/webgigabike.com/2T/Nut_brake_m10x3.jpg]
[www.thaigigabike.com/Sprocket_Alloys.html]
[www.thaigigabike.com/Racing8836.html]
[www.thaigigabike.com/webgigabike.com/Racing Gb/sr-gb1.jpg]
[www.thaigigabike.com/webgigabike.com/Racing Gb/gb5.jpg]
[www.thaigigabike.com/webgigabike.com/Racing Gb/gb6.jpg]
[www.thaigigabike.com/webgigabike.com/R3/gb racing 1.jpg]
[www.thaigigabike.com/webgigabike.com/R3/gb racing 2.jpg]
[www.thaigigabike.com/Racing.html]
[www.thaigigabike.com/contact8836.html]
[www.thaigigabike.com/contact.html]
[www.thaigigabike.com/ตัวแทนจำหน่าย8836.html]
[www.thaigigabike.com/ตัวแทนจำหน่าย.html]
[www.thaigigabike.com/Bolts-nut8836.html]
[www.thaigigabike.com/webgigabike.com/Nut-Sus/M8x1.25x20-hol-sus.jpg]
[www.thaigigabike.com/webgigabike.com/Nut-Sus/M8x1.25x20-sus.jpg]
[www.thaigigabike.com/webgigabike.com/Nut-Sus/M8x1.25x25-sus.jpg]
[www.thaigigabike.com/webgigabike.com/Nut-Sus/M10x1.50x22-sus.jpg]
[www.thaigigabike.com/webgigabike.com/Nut-Sus/M10x1.25x25-1-sus.jpg]
[www.thaigigabike.com/webgigabike.com/Nut-Sus/M10x1.25x50-57-sus.jpg]
[www.thaigigabike.com/Bolts-nut.html]
[www.thaigigabike.com/kawazaki ksr.html]
[www.thaigigabike.com/swingarmsr.html]
[www.thaigigabike.com/index8836-2.html]
[www.thaigigabike.com/SR8836.html]
[www.thaigigabike.com/วิธีการชำระเงิน8836.html]
[www.thaigigabike.com/ติดต่อเรา8836.html]
[www.thaigigabike.com/tripsrthailandcc5a.html]
[www.thaigigabike.com/ซื้อขายแลกเปลี่ยน.html]
[www.thaigigabike.com/msx1258836.html]
[www.thaigigabike.com/msx125.html]
[www.thaigigabike.com/KTM.html]
[www.thaigigabike.com/YAMAHA8836.html]
[www.thaigigabike.com/Line logo.html]
[www.thaigigabike.com/srx8836.html]
[www.thaigigabike.com/xs6508836.html]
[www.thaigigabike.com/xt5008836.html]
[www.thaigigabike.com/R15_XSR8836.html]
[www.thaigigabike.com/R38836.html]
[www.thaigigabike.com/R9-R78836.html]
[www.thaigigabike.com/R1_R68836.html]
[www.thaigigabike.com/carburetor.html]
[www.thaigigabike.com/yamaha srx.html]
[www.thaigigabike.com/Honda nc35.html]
[www.thaigigabike.com/index HD.html]
[www.thaigigabike.com/honda8836.html]
[www.thaigigabike.com/CB750k8836.html]
[www.thaigigabike.com/honda_GB250_4008836.html]
[www.thaigigabike.com/kawasaki8836.html]
[www.thaigigabike.com/webgigabike.com/kawasaki/estrella-250.html]
[www.thaigigabike.com/webgigabike.com/kawasaki/nut-cover-oil-es-1.html]
[www.thaigigabike.com/webgigabike.com/kawasaki/Swingarm-estrella-sil-1.html]
[www.thaigigabike.com/webgigabike.com/kawasaki/Swingarm-estrella-sil.html]
[www.thaigigabike.com/webgigabike.com/kawasaki/Swingarm-estrella-bk.html]
[www.thaigigabike.com/webgigabike.com/kawasaki/nut-Chock-front.html]
[www.thaigigabike.com/webgigabike.com/kawasaki/nut-estrela-cnc.html]
[www.thaigigabike.com/webgigabike.com/kawasaki/Top-Yoke-CNC-custom.html]
[www.thaigigabike.com/webgigabike.com/kawasaki/Top-Yoke-CNC.html]
[www.thaigigabike.com/webgigabike.com/kawasaki/hoo-estrela.html]
[www.thaigigabike.com/webgigabike.com/kawasaki/nut-estrela.html]
[www.thaigigabike.com/webgigabike.com/kawasaki/bangklon-tr.html]
[www.thaigigabike.com/NC358836.html]
[www.thaigigabike.com/XSR.html]
[www.thaigigabike.com/Ninja3008836.html]
[www.thaigigabike.com/webgigabike.com/Ninja400/Adapter-Foot-ninja400-ST3.jpg]
[www.thaigigabike.com/webgigabike.com/R3/Did-ErZ-415-140-3.jpg]
[www.thaigigabike.com/webgigabike.com/R3/Did-ErZ-415-140-1.jpg]
[www.thaigigabike.com/webgigabike.com/R3/Did-ErZ-415-140-2.jpg]
[www.thaigigabike.com/webgigabike.com/R3/Did-ErZ-415-140-RB-1.jpg]
[www.thaigigabike.com/Ninja300.html]
[www.thaigigabike.com/honda msx125.html]
[www.thaigigabike.com/Racing Tame8836.html]
[www.thaigigabike.com/Sportter.html]
[www.thaigigabike.com/Racing Tame.html]
[www.thaigigabike.com/CB150r8836.html]
[www.thaigigabike.com/2T8836.html]
[www.thaigigabike.com/Monkey_msx1258836.html]
[www.thaigigabike.com/CBR150r_CBR250rr8836.html]
[www.thaigigabike.com/SR ในฝันของคุณ8836.html]
[www.thaigigabike.com/w6508836.html]
[www.thaigigabike.com/Estrella2508836.html]
[www.thaigigabike.com/KSR1108836.html]
[www.thaigigabike.com/Ninja250_300_Ninja4008836.html]
[www.thaigigabike.com/Ninjazx10rr8836.html]
[www.thaigigabike.com/วิธีดูแลรักษา SR ของคุณ8836.html]
[www.thaigigabike.com/เว็ปบอร์ด8836.html]
[www.thaigigabike.com/Pictures.html]
[www.thaigigabike.com/honda cb400ss.html]
[www.thaigigabike.com/honda gb250-400.html]
[www.thaigigabike.com/suzuki.html]
[www.thaigigabike.com/Seat.html]
[www.thaigigabike.com/head/gif/cr.jpg]
[www.thaigigabike.com/head/product.gif]
[www.thaigigabike.com/webgigabike.com/carbureter/cam180.jpg]
[www.thaigigabike.com/เว็ปบอร์ด823c.html]
[www.thaigigabike.com/webgigabike.com/th3/th1.jpg]
[www.thaigigabike.com/webgigabike.com/th3/th2.jpg]
[www.thaigigabike.com/webgigabike.com/th3/th6.jpg]
[www.thaigigabike.com/webgigabike.com/th3/th7.jpg]
[www.thaigigabike.com/webgigabike.com/th3/th8.jpg]
[www.thaigigabike.com/เว็ปบอร์ด.html]
[www.thaigigabike.com/ข่าวสารทางร้านcc5a.html]
[www.thaigigabike.com/index 18836.html]
[www.thaigigabike.com/payment.html]
[www.thaigigabike.com/index 1823c.html]
[www.thaigigabike.com/webgigabike.com/sr gb/sr-gb12.jpg]
[www.thaigigabike.com/webgigabike.com/part/nutcor2001.jpg]
[www.thaigigabike.com/webgigabike.com/part/nutvallend7075.jpg]
[www.thaigigabike.com/webgigabike.com/svingarm sr/swingarmgigabike-sr13.jpg]
[www.thaigigabike.com/webgigabike.com/pangcor/pc2.jpg]
[www.thaigigabike.com/webgigabike.com/part/capoifreml.jpg]
[www.thaigigabike.com/webgigabike.com/part/handjubchok.jpg]
[www.thaigigabike.com/webgigabike.com/part/oilfiltersr.jpg]
[www.thaigigabike.com/index 1.html]
[www.thaigigabike.com/index jp8836.html]
[www.thaigigabike.com/index jpb015.html]
[www.thaigigabike.com/index jp4039.html]
[www.thaigigabike.com/index jp823c.html]
[www.thaigigabike.com/webgigabike.com/part/yokv2.jpg]
[www.thaigigabike.com/index jp.html]
[www.thaigigabike.com/Tempter4008836.html]
[www.thaigigabike.com/triumph_Truxton9008836.html]
[www.thaigigabike.com/webgigabike.com/Triumph/Brake-Rotor-Spacer-triumph.jpg]
[www.thaigigabike.com/BMW8836.html]
[www.thaigigabike.com/Stallions8836.html]
[www.thaigigabike.com/RoyalEnfield_GT5008836.html]
[www.thaigigabike.com/ducati_Monter7958836.html]
[www.thaigigabike.com/HD8836.html]
[www.thaigigabike.com/QR.html]
[www.thaigigabike.com/KTM-RC3908836.html]
[www.thaigigabike.com/Ohlins8836.html]
[www.thaigigabike.com/Sprocket_Alloys8836.html]
[www.thaigigabike.com/Racing8836.html]
[www.thaigigabike.com/contact8836.html]
[www.thaigigabike.com/webgigabike.com/id-lind.html]
[www.thaigigabike.com/ตัวแทนจำหน่าย8836.html]
[www.thaigigabike.com/Bolts-nut8836.html]
[www.thaigigabike.com/msx1258836.html]
[www.thaigigabike.com/Ninja3008836.html]
[www.thaigigabike.com/Racing Tame8836.html]
[www.thaigigabike.com/Sportter8836.html]
[www.thaigigabike.com/Sportter.html]
[www.thaigigabike.com/Estrella2508836.html]
[www.thaigigabike.com/เว็ปบอร์ด8836.html]
[www.thaigigabike.com/nunber part.html]
[www.thaigigabike.com/Pictures8836.html]
[www.thaigigabike.com/webgigabike.com/sr gb/sr-gb3.jpg]
[www.thaigigabike.com/webgigabike.com/sr gb/sr-gb6.jpg]
[www.thaigigabike.com/webgigabike.com/sr gb/sr-gb9.jpg]
[www.thaigigabike.com/webgigabike.com/sr gb/sr-gb10.jpg]
[www.thaigigabike.com/webgigabike.com/sr gb/sr-gb7.jpg]
[www.thaigigabike.com/webgigabike.com/sr gb/sr-gb8.jpg]
[www.thaigigabike.com/webgigabike.com/svingarm sr/sv-640-1.jpg]
[www.thaigigabike.com/webgigabike.com/sr gb/sr-gb11.jpg]
[www.thaigigabike.com/webgigabike.com/sr gb/sr-gb1.gif]
[www.thaigigabike.com/webgigabike.com/sr gb/sr-gb2.jpg]
[www.thaigigabike.com/webgigabike.com/sr2-8-08/th2.jpg]
[www.thaigigabike.com/webgigabike.com/sr2-8-08/th3.jpg]
[www.thaigigabike.com/webgigabike.com/sr2-8-08/th4.jpg]
[www.thaigigabike.com/webgigabike.com/sr2-8-08/th1.jpg]
[www.thaigigabike.com/Pictures.html]
[www.thaigigabike.com/honda cb400ss8836.html]
[www.thaigigabike.com/webgigabike.com/honda cb400ss/Honda-CB400SS.jpg]
[www.thaigigabike.com/webgigabike.com/honda cb400ss/cb400ss_cafe.jpg]
[www.thaigigabike.com/honda cb400ss.html]
[www.thaigigabike.com/honda gb250-4008836.html]
[www.thaigigabike.com/honda gb250-400.html]
[www.thaigigabike.com/suzuki8836.html]
[www.thaigigabike.com/suzuki.html]
[www.thaigigabike.com/index triumph.html]
[www.thaigigabike.com/index ducati.html]
[www.thaigigabike.com/Royal Enfield.html]
[www.thaigigabike.com/Seat8836.html]
[www.thaigigabike.com/Seat.html]
[www.thaigigabike.com/เว็ปบอร์ด823c.html]
[www.thaigigabike.com/index 18836.html]
[www.thaigigabike.com/products all.html]
[www.thaigigabike.com/payment8836.html]
[www.thaigigabike.com/payment.html]
[www.thaigigabike.com/index 1823c.html]
[www.thaigigabike.com/webgigabike.com/srr.html]
[www.thaigigabike.com/webgigabike.com/part/nutcor1978.html]
[www.thaigigabike.com/webgigabike.com/part/swingarm-ksr-1024-2.html]
[www.thaigigabike.com/webgigabike.com/part/bangso.html]
[www.thaigigabike.com/webgigabike.com/nut/nut7.html]
[www.thaigigabike.com/products.html]
[www.thaigigabike.com/วิธีการชำระเงิน 1.html]
[www.thaigigabike.com/index jp8836.html]
[www.thaigigabike.com/index jpb015.html]
[www.thaigigabike.com/SR f853.html]
[www.thaigigabike.com/index jp4039.html]
[www.thaigigabike.com/index jp823c.html]
[www.thaigigabike.com/webgigabike.com/nut/lokcdrum.html]
[www.thaigigabike.com/Sportter8836.html]
[www.thaigigabike.com/Pictures8836.html]
[www.thaigigabike.com/webgigabike.com/bangclon sr/bangclonsr-640.html]
[www.thaigigabike.com/webgigabike.com/srgiga.html]
[www.thaigigabike.com/webgigabike.com/part/pidiol-700-2.html]
[www.thaigigabike.com/webgigabike.com/part/cortorsr-640.html]
[www.thaigigabike.com/honda cb400ss8836.html]
[www.thaigigabike.com/honda gb250-4008836.html]
[www.thaigigabike.com/suzuki8836.html]
[www.thaigigabike.com/Seat8836.html]
[www.thaigigabike.com/payment8836.html]
